Archive member included to satisfy reference by file (symbol)

c:/cfm_so~1/progra~1/hardwa~1/gcc_ar~1/102021~1.07/bin/../lib/gcc/arm-none-eabi/10.3.1/thumb/v7-m/nofp\libgcc.a(_arm_muldf3.o)
                              CMakeFiles/PosSysV1.0.elf.dir/UserLib/as5600.c.obj (__aeabi_dmul)
c:/cfm_so~1/progra~1/hardwa~1/gcc_ar~1/102021~1.07/bin/../lib/gcc/arm-none-eabi/10.3.1/thumb/v7-m/nofp\libgcc.a(_arm_mulsf3.o)
                              CMakeFiles/PosSysV1.0.elf.dir/UserLib/as5600.c.obj (__aeabi_fmul)
c:/cfm_so~1/progra~1/hardwa~1/gcc_ar~1/102021~1.07/bin/../lib/gcc/arm-none-eabi/10.3.1/thumb/v7-m/nofp\libgcc.a(_arm_addsubdf3.o)
                              CMakeFiles/PosSysV1.0.elf.dir/UserLib/pos.c.obj (__aeabi_dsub)
c:/cfm_so~1/progra~1/hardwa~1/gcc_ar~1/102021~1.07/bin/../lib/gcc/arm-none-eabi/10.3.1/thumb/v7-m/nofp\libgcc.a(_arm_muldivdf3.o)
                              CMakeFiles/PosSysV1.0.elf.dir/UserLib/pos.c.obj (__aeabi_ddiv)
c:/cfm_so~1/progra~1/hardwa~1/gcc_ar~1/102021~1.07/bin/../lib/gcc/arm-none-eabi/10.3.1/thumb/v7-m/nofp\libgcc.a(_arm_fixdfsi.o)
                              CMakeFiles/PosSysV1.0.elf.dir/UserLib/pos.c.obj (__aeabi_d2iz)
c:/cfm_so~1/progra~1/hardwa~1/gcc_ar~1/102021~1.07/bin/../lib/gcc/arm-none-eabi/10.3.1/thumb/v7-m/nofp\libgcc.a(_arm_truncdfsf2.o)
                              CMakeFiles/PosSysV1.0.elf.dir/UserLib/as5600.c.obj (__aeabi_d2f)
c:/cfm_so~1/progra~1/hardwa~1/gcc_ar~1/102021~1.07/bin/../lib/gcc/arm-none-eabi/10.3.1/thumb/v7-m/nofp\libgcc.a(_arm_addsubsf3.o)
                              CMakeFiles/PosSysV1.0.elf.dir/UserLib/as5600.c.obj (__aeabi_fsub)
c:/cfm_so~1/progra~1/hardwa~1/gcc_ar~1/102021~1.07/bin/../lib/gcc/arm-none-eabi/10.3.1/thumb/v7-m/nofp\libgcc.a(_arm_muldivsf3.o)
                              CMakeFiles/PosSysV1.0.elf.dir/UserLib/uartComm.c.obj (__aeabi_fdiv)
c:/cfm_so~1/progra~1/hardwa~1/gcc_ar~1/102021~1.07/bin/../lib/gcc/arm-none-eabi/10.3.1/thumb/v7-m/nofp\libgcc.a(_arm_cmpsf2.o)
                              CMakeFiles/PosSysV1.0.elf.dir/UserLib/pos.c.obj (__aeabi_fcmpeq)
c:/cfm_so~1/progra~1/hardwa~1/gcc_ar~1/102021~1.07/bin/../lib/gcc/arm-none-eabi/10.3.1/../../../../arm-none-eabi/lib/thumb/v7-m/nofp\libg.a(lib_a-assert.o)
                              CMakeFiles/PosSysV1.0.elf.dir/UserLib/userUart.c.obj (__assert_func)
c:/cfm_so~1/progra~1/hardwa~1/gcc_ar~1/102021~1.07/bin/../lib/gcc/arm-none-eabi/10.3.1/../../../../arm-none-eabi/lib/thumb/v7-m/nofp\libg.a(lib_a-errno.o)
                              CMakeFiles/PosSysV1.0.elf.dir/Core/Src/syscalls.c.obj (__errno)
c:/cfm_so~1/progra~1/hardwa~1/gcc_ar~1/102021~1.07/bin/../lib/gcc/arm-none-eabi/10.3.1/../../../../arm-none-eabi/lib/thumb/v7-m/nofp\libg.a(lib_a-exit.o)
                              c:/cfm_so~1/progra~1/hardwa~1/gcc_ar~1/102021~1.07/bin/../lib/gcc/arm-none-eabi/10.3.1/../../../../arm-none-eabi/lib/thumb/v7-m/nofp/crt0.o (exit)
c:/cfm_so~1/progra~1/hardwa~1/gcc_ar~1/102021~1.07/bin/../lib/gcc/arm-none-eabi/10.3.1/../../../../arm-none-eabi/lib/thumb/v7-m/nofp\libg.a(lib_a-fiprintf.o)
                              c:/cfm_so~1/progra~1/hardwa~1/gcc_ar~1/102021~1.07/bin/../lib/gcc/arm-none-eabi/10.3.1/../../../../arm-none-eabi/lib/thumb/v7-m/nofp\libg.a(lib_a-assert.o) (fiprintf)
c:/cfm_so~1/progra~1/hardwa~1/gcc_ar~1/102021~1.07/bin/../lib/gcc/arm-none-eabi/10.3.1/../../../../arm-none-eabi/lib/thumb/v7-m/nofp\libg.a(lib_a-impure.o)
                              c:/cfm_so~1/progra~1/hardwa~1/gcc_ar~1/102021~1.07/bin/../lib/gcc/arm-none-eabi/10.3.1/../../../../arm-none-eabi/lib/thumb/v7-m/nofp\libg.a(lib_a-exit.o) (_global_impure_ptr)
c:/cfm_so~1/progra~1/hardwa~1/gcc_ar~1/102021~1.07/bin/../lib/gcc/arm-none-eabi/10.3.1/../../../../arm-none-eabi/lib/thumb/v7-m/nofp\libg.a(lib_a-init.o)
                              c:/cfm_so~1/progra~1/hardwa~1/gcc_ar~1/102021~1.07/bin/../lib/gcc/arm-none-eabi/10.3.1/../../../../arm-none-eabi/lib/thumb/v7-m/nofp/crt0.o (__libc_init_array)
c:/cfm_so~1/progra~1/hardwa~1/gcc_ar~1/102021~1.07/bin/../lib/gcc/arm-none-eabi/10.3.1/../../../../arm-none-eabi/lib/thumb/v7-m/nofp\libg.a(lib_a-memcpy.o)
                              CMakeFiles/PosSysV1.0.elf.dir/Middlewares/Third_Party/FreeRTOS/Source/CMSIS_RTOS_V2/cmsis_os2.c.obj (memcpy)
c:/cfm_so~1/progra~1/hardwa~1/gcc_ar~1/102021~1.07/bin/../lib/gcc/arm-none-eabi/10.3.1/../../../../arm-none-eabi/lib/thumb/v7-m/nofp\libg.a(lib_a-memset.o)
                              c:/cfm_so~1/progra~1/hardwa~1/gcc_ar~1/102021~1.07/bin/../lib/gcc/arm-none-eabi/10.3.1/../../../../arm-none-eabi/lib/thumb/v7-m/nofp/crt0.o (memset)
c:/cfm_so~1/progra~1/hardwa~1/gcc_ar~1/102021~1.07/bin/../lib/gcc/arm-none-eabi/10.3.1/../../../../arm-none-eabi/lib/thumb/v7-m/nofp\libg.a(lib_a-reent.o)
                              CMakeFiles/PosSysV1.0.elf.dir/Middlewares/Third_Party/FreeRTOS/Source/tasks.c.obj (_reclaim_reent)
[...]
Memory Configuration

Name             Origin             Length             Attributes
RAM              0x20000000         0x0000c000         xrw
FLASH            0x08000000         0x00040000         xr
*default*        0x00000000         0xffffffff

Linker script and memory map

LOAD c:/cfm_so~1/progra~1/hardwa~1/gcc_ar~1/102021~1.07/bin/../lib/gcc/arm-none-eabi/10.3.1/thumb/v7-m/nofp/crti.o
LOAD c:/cfm_so~1/progra~1/hardwa~1/gcc_ar~1/102021~1.07/bin/../lib/gcc/arm-none-eabi/10.3.1/thumb/v7-m/nofp/crtbegin.o
LOAD c:/cfm_so~1/progra~1/hardwa~1/gcc_ar~1/102021~1.07/bin/../lib/gcc/arm-none-eabi/10.3.1/../../../../arm-none-eabi/lib/thumb/v7-m/nofp/crt0.o
LOAD CMakeFiles/PosSysV1.0.elf.dir/Core/Src/freertos.c.obj
LOAD CMakeFiles/PosSysV1.0.elf.dir/Core/Src/gpio.c.obj
LOAD CMakeFiles/PosSysV1.0.elf.dir/Core/Src/i2c.c.obj
LOAD CMakeFiles/PosSysV1.0.elf.dir/Core/Src/main.c.obj
LOAD CMakeFiles/PosSysV1.0.elf.dir/Core/Src/spi.c.obj
LOAD CMakeFiles/PosSysV1.0.elf.dir/Core/Src/stm32f1xx_hal_msp.c.obj
LOAD CMakeFiles/PosSysV1.0.elf.dir/Core/Src/stm32f1xx_hal_timebase_tim.c.obj
LOAD CMakeFiles/PosSysV1.0.elf.dir/Core/Src/stm32f1xx_it.c.obj
LOAD CMakeFiles/PosSysV1.0.elf.dir/Core/Src/syscalls.c.obj
LOAD CMakeFiles/PosSysV1.0.elf.dir/Core/Src/sysmem.c.obj
LOAD CMakeFiles/PosSysV1.0.elf.dir/Core/Src/system_stm32f1xx.c.obj
LOAD CMakeFiles/PosSysV1.0.elf.dir/Core/Src/tim.c.obj
LOAD CMakeFiles/PosSysV1.0.elf.dir/Core/Src/usart.c.obj
LOAD CMakeFiles/PosSysV1.0.elf.dir/Core/Startup/startup_stm32f103rctx.s.obj
LOAD CMakeFiles/PosSysV1.0.elf.dir/Drivers/STM32F1xx_HAL_Driver/Src/stm32f1xx_hal.c.obj
LOAD CMakeFiles/PosSysV1.0.elf.dir/Drivers/STM32F1xx_HAL_Driver/Src/stm32f1xx_hal_cortex.c.obj
LOAD CMakeFiles/PosSysV1.0.elf.dir/Drivers/STM32F1xx_HAL_Driver/Src/stm32f1xx_hal_dma.c.obj
LOAD CMakeFiles/PosSysV1.0.elf.dir/Drivers/STM32F1xx_HAL_Driver/Src/stm32f1xx_hal_exti.c.obj
LOAD CMakeFiles/PosSysV1.0.elf.dir/Drivers/STM32F1xx_HAL_Driver/Src/stm32f1xx_hal_flash.c.obj
LOAD CMakeFiles/PosSysV1.0.elf.dir/Drivers/STM32F1xx_HAL_Driver/Src/stm32f1xx_hal_flash_ex.c.obj
LOAD CMakeFiles/PosSysV1.0.elf.dir/Drivers/STM32F1xx_HAL_Driver/Src/stm32f1xx_hal_gpio.c.obj
LOAD CMakeFiles/PosSysV1.0.elf.dir/Drivers/STM32F1xx_HAL_Driver/Src/stm32f1xx_hal_gpio_ex.c.obj
LOAD CMakeFiles/PosSysV1.0.elf.dir/Drivers/STM32F1xx_HAL_Driver/Src/stm32f1xx_hal_i2c.c.obj
LOAD CMakeFiles/PosSysV1.0.elf.dir/Drivers/STM32F1xx_HAL_Driver/Src/stm32f1xx_hal_pwr.c.obj
LOAD CMakeFiles/PosSysV1.0.elf.dir/Drivers/STM32F1xx_HAL_Driver/Src/stm32f1xx_hal_rcc.c.obj
LOAD CMakeFiles/PosSysV1.0.elf.dir/Drivers/STM32F1xx_HAL_Driver/Src/stm32f1xx_hal_rcc_ex.c.obj
LOAD CMakeFiles/PosSysV1.0.elf.dir/Drivers/STM32F1xx_HAL_Driver/Src/stm32f1xx_hal_spi.c.obj
LOAD CMakeFiles/PosSysV1.0.elf.dir/Drivers/STM32F1xx_HAL_Driver/Src/stm32f1xx_hal_tim.c.obj
LOAD CMakeFiles/PosSysV1.0.elf.dir/Drivers/STM32F1xx_HAL_Driver/Src/stm32f1xx_hal_tim_ex.c.obj
LOAD CMakeFiles/PosSysV1.0.elf.dir/Drivers/STM32F1xx_HAL_Driver/Src/stm32f1xx_hal_uart.c.obj
LOAD CMakeFiles/PosSysV1.0.elf.dir/Middlewares/Third_Party/FreeRTOS/Source/CMSIS_RTOS_V2/cmsis_os2.c.obj
LOAD CMakeFiles/PosSysV1.0.elf.dir/Middlewares/Third_Party/FreeRTOS/Source/croutine.c.obj
LOAD CMakeFiles/PosSysV1.0.elf.dir/Middlewares/Third_Party/FreeRTOS/Source/event_groups.c.obj
LOAD CMakeFiles/PosSysV1.0.elf.dir/Middlewares/Third_Party/FreeRTOS/Source/list.c.obj
LOAD CMakeFiles/PosSysV1.0.elf.dir/Middlewares/Third_Party/FreeRTOS/Source/portable/GCC/ARM_CM3/port.c.obj
LOAD CMakeFiles/PosSysV1.0.elf.dir/Middlewares/Third_Party/FreeRTOS/Source/portable/MemMang/heap_4.c.obj
LOAD CMakeFiles/PosSysV1.0.elf.dir/Middlewares/Third_Party/FreeRTOS/Source/queue.c.obj
LOAD CMakeFiles/PosSysV1.0.elf.dir/Middlewares/Third_Party/FreeRTOS/Source/stream_buffer.c.obj
LOAD CMakeFiles/PosSysV1.0.elf.dir/Middlewares/Third_Party/FreeRTOS/Source/tasks.c.obj
LOAD CMakeFiles/PosSysV1.0.elf.dir/Middlewares/Third_Party/FreeRTOS/Source/timers.c.obj
LOAD CMakeFiles/PosSysV1.0.elf.dir/UserLib/as5600.c.obj
LOAD CMakeFiles/PosSysV1.0.elf.dir/UserLib/buzzer.c.obj
LOAD CMakeFiles/PosSysV1.0.elf.dir/UserLib/jy91.c.obj
LOAD CMakeFiles/PosSysV1.0.elf.dir/UserLib/music.c.obj
LOAD CMakeFiles/PosSysV1.0.elf.dir/UserLib/pos.c.obj
LOAD CMakeFiles/PosSysV1.0.elf.dir/UserLib/uartComm.c.obj
LOAD CMakeFiles/PosSysV1.0.elf.dir/UserLib/userUart.c.obj
LOAD CMakeFiles/PosSysV1.0.elf.dir/UserLib/wit_c_sdk.c.obj
START GROUP
LOAD c:/cfm_so~1/progra~1/hardwa~1/gcc_ar~1/102021~1.07/bin/../lib/gcc/arm-none-eabi/10.3.1/thumb/v7-m/nofp\libgcc.a
LOAD c:/cfm_so~1/progra~1/hardwa~1/gcc_ar~1/102021~1.07/bin/../lib/gcc/arm-none-eabi/10.3.1/../../../../arm-none-eabi/lib/thumb/v7-m/nofp\libg.a
LOAD c:/cfm_so~1/progra~1/hardwa~1/gcc_ar~1/102021~1.07/bin/../lib/gcc/arm-none-eabi/10.3.1/../../../../arm-none-eabi/lib/thumb/v7-m/nofp\libc.a
END GROUP
LOAD c:/cfm_so~1/progra~1/hardwa~1/gcc_ar~1/102021~1.07/bin/../lib/gcc/arm-none-eabi/10.3.1/thumb/v7-m/nofp/crtend.o
LOAD c:/cfm_so~1/progra~1/hardwa~1/gcc_ar~1/102021~1.07/bin/../lib/gcc/arm-none-eabi/10.3.1/thumb/v7-m/nofp/crtn.o
                0x2000c000                _estack = (ORIGIN (RAM) + LENGTH (RAM))
                0x00000200                _Min_Heap_Size = 0x200
                0x00000400                _Min_Stack_Size = 0x400

.isr_vector     0x08000000      0x1e4
                0x08000000                . = ALIGN (0x4)
 *(.isr_vector)
 .isr_vector    0x08000000      0x1e4 CMakeFiles/PosSysV1.0.elf.dir/Core/Startup/startup_stm32f103rctx.s.obj
                0x08000000                g_pfnVectors
                0x080001e4                . = ALIGN (0x4)

.text           0x080001f0     0xe44c
                0x080001f0                . = ALIGN (0x4)
 *(.text)
 .text          0x080001f0       0x40 c:/cfm_so~1/progra~1/hardwa~1/gcc_ar~1/102021~1.07/bin/../lib/gcc/arm-none-eabi/10.3.1/thumb/v7-m/nofp/crtbegin.o
 .text          0x08000230      0x378 c:/cfm_so~1/progra~1/hardwa~1/gcc_ar~1/102021~1.07/bin/../lib/gcc/arm-none-eabi/10.3.1/thumb/v7-m/nofp\libgcc.a(_arm_addsubdf3.o)
                0x08000230                __aeabi_drsub
                0x08000238                __aeabi_dsub
                0x08000238                __subdf3
                0x0800023c                __aeabi_dadd
                0x0800023c                __adddf3
                0x080004b4                __floatunsidf
                0x080004b4                __aeabi_ui2d
                0x080004d4                __floatsidf
                0x080004d4                __aeabi_i2d
                0x080004f8                __aeabi_f2d
                0x080004f8                __extendsfdf2
                0x0800053c                __floatundidf
                0x0800053c                __aeabi_ul2d
                0x0800054c                __floatdidf
                0x0800054c                __aeabi_l2d
 .text          0x080005a8      0x424 c:/cfm_so~1/progra~1/hardwa~1/gcc_ar~1/102021~1.07/bin/../lib/gcc/arm-none-eabi/10.3.1/thumb/v7-m/nofp\libgcc.a(_arm_muldivdf3.o)
                0x080005a8                __aeabi_dmul
                0x080005a8                __muldf3
                0x080007fc                __divdf3
                0x080007fc                __aeabi_ddiv
 .text          0x080009cc       0x50 c:/cfm_so~1/progra~1/hardwa~1/gcc_ar~1/102021~1.07/bin/../lib/gcc/arm-none-eabi/10.3.1/thumb/v7-m/nofp\libgcc.a(_arm_fixdfsi.o)
                0x080009cc                __aeabi_d2iz
                0x080009cc                __fixdfsi
 .text          0x08000a1c       0xa0 c:/cfm_so~1/progra~1/hardwa~1/gcc_ar~1/102021~1.07/bin/../lib/gcc/arm-none-eabi/10.3.1/thumb/v7-m/nofp\libgcc.a(_arm_truncdfsf2.o)
                0x08000a1c                __truncdfsf2
                0x08000a1c                __aeabi_d2f
 .text          0x08000abc      0x21c c:/cfm_so~1/progra~1/hardwa~1/gcc_ar~1/102021~1.07/bin/../lib/gcc/arm-none-eabi/10.3.1/thumb/v7-m/nofp\libgcc.a(_arm_addsubsf3.o)
                0x08000abc                __aeabi_frsub
                0x08000ac4                __subsf3
                0x08000ac4                __aeabi_fsub
                0x08000ac8                __aeabi_fadd
                0x08000ac8                __addsf3
                0x08000c28                __aeabi_ui2f
                0x08000c28                __floatunsisf
                0x08000c30                __aeabi_i2f
                0x08000c30                __floatsisf
                0x08000c4c                __aeabi_ul2f
                0x08000c4c                __floatundisf
                0x08000c5c                __aeabi_l2f
                0x08000c5c                __floatdisf
 .text          0x08000cd8      0x2a0 c:/cfm_so~1/progra~1/hardwa~1/gcc_ar~1/102021~1.07/bin/../lib/gcc/arm-none-eabi/10.3.1/thumb/v7-m/nofp\libgcc.a(_arm_muldivsf3.o)
                0x08000cd8                __mulsf3
                0x08000cd8                __aeabi_fmul
                0x08000e40                __aeabi_fdiv
                0x08000e40                __divsf3
 .text          0x08000f78       0xec c:/cfm_so~1/progra~1/hardwa~1/gcc_ar~1/102021~1.07/bin/../lib/gcc/arm-none-eabi/10.3.1/thumb/v7-m/nofp\libgcc.a(_arm_cmpsf2.o)
                0x08000f78                __gesf2
                0x08000f78                __gtsf2
                0x08000f80                __lesf2
                0x08000f80                __ltsf2
                0x08000f88                __nesf2
                0x08000f88                __eqsf2
                0x08000f88                __cmpsf2
                0x08000fe8                __aeabi_cfrcmple
                0x08000ff0                __aeabi_cfcmpeq
                0x08000ff0                __aeabi_cfcmple
                0x08001000                __aeabi_fcmpeq
                0x08001014                __aeabi_fcmplt
                0x08001028                __aeabi_fcmple
                0x0800103c                __aeabi_fcmpge
                0x08001050                __aeabi_fcmpgt
 .text          0x08001064       0xec c:/cfm_so~1/progra~1/hardwa~1/gcc_ar~1/102021~1.07/bin/../lib/gcc/arm-none-eabi/10.3.1/../../../../arm-none-eabi/lib/thumb/v7-m/nofp\libg.a(lib_a-memcpy.o)
                0x08001064                memcpy
 .text          0x08001150      0x110 c:/cfm_so~1/progra~1/hardwa~1/gcc_ar~1/102021~1.07/bin/../lib/gcc/arm-none-eabi/10.3.1/thumb/v7-m/nofp\libgcc.a(_arm_cmpdf2.o)
                0x08001150                __gtdf2
                0x08001150                __gedf2
                0x08001158                __ltdf2
                0x08001158                __ledf2
                0x08001160                __nedf2
                0x08001160                __eqdf2
                0x08001160                __cmpdf2
                0x080011dc                __aeabi_cdrcmple
                0x080011ec                __aeabi_cdcmpeq
                0x080011ec                __aeabi_cdcmple
                0x080011fc                __aeabi_dcmpeq
                0x08001210                __aeabi_dcmplt
                0x08001224                __aeabi_dcmple
                0x08001238                __aeabi_dcmpge
                0x0800124c                __aeabi_dcmpgt
 .text          0x08001260       0x2c c:/cfm_so~1/progra~1/hardwa~1/gcc_ar~1/102021~1.07/bin/../lib/gcc/arm-none-eabi/10.3.1/thumb/v7-m/nofp\libgcc.a(_arm_unorddf2.o)
                0x08001260                __unorddf2
                0x08001260                __aeabi_dcmpun
 .text          0x0800128c       0x30 c:/cfm_so~1/progra~1/hardwa~1/gcc_ar~1/102021~1.07/bin/../lib/gcc/arm-none-eabi/10.3.1/thumb/v7-m/nofp\libgcc.a(_aeabi_uldivmod.o)
                0x0800128c                __aeabi_uldivmod
 .text          0x080012bc      0x2d4 c:/cfm_so~1/progra~1/hardwa~1/gcc_ar~1/102021~1.07/bin/../lib/gcc/arm-none-eabi/10.3.1/thumb/v7-m/nofp\libgcc.a(_udivmoddi4.o)
                0x080012bc                __udivmoddi4
 .text          0x08001590        0x4 c:/cfm_so~1/progra~1/hardwa~1/gcc_ar~1/102021~1.07/bin/../lib/gcc/arm-none-eabi/10.3.1/thumb/v7-m/nofp\libgcc.a(_dvmd_tls.o)
                0x08001590                __aeabi_idiv0
                0x08001590                __aeabi_ldiv0
 .text          0x08001594       0x4c c:/cfm_so~1/progra~1/hardwa~1/gcc_ar~1/102021~1.07/bin/../lib/gcc/arm-none-eabi/10.3.1/thumb/v7-m/nofp\libgcc.a(_arm_fixsfsi.o)
                0x08001594                __aeabi_f2iz
                0x08001594                __fixsfsi
 *(.text*)
 .text.StartDefaultTask
                0x080015e0       0x38 CMakeFiles/PosSysV1.0.elf.dir/Core/Src/freertos.c.obj
                0x080015e0                StartDefaultTask
 .text.StartBuzzerTask
                0x08001618       0x12 CMakeFiles/PosSysV1.0.elf.dir/Core/Src/freertos.c.obj
                0x08001618                StartBuzzerTask
 .text.StartJYTASK
                0x0800162a       0x12 CMakeFiles/PosSysV1.0.elf.dir/Core/Src/freertos.c.obj
                0x0800162a                StartJYTASK
 .text.MX_FREERTOS_Init
                0x0800163c       0x54 CMakeFiles/PosSysV1.0.elf.dir/Core/Src/freertos.c.obj
                0x0800163c                MX_FREERTOS_Init
 .text.MX_GPIO_Init
                0x08001690       0xd8 CMakeFiles/PosSysV1.0.elf.dir/Core/Src/gpio.c.obj
                0x08001690                MX_GPIO_Init
 .text.MX_I2C1_Init
                0x08001768       0x3c CMakeFiles/PosSysV1.0.elf.dir/Core/Src/i2c.c.obj
                0x08001768                MX_I2C1_Init
 .text.MX_I2C2_Init
                0x080017a4       0x3c CMakeFiles/PosSysV1.0.elf.dir/Core/Src/i2c.c.obj
                0x080017a4                MX_I2C2_Init
 .text.HAL_I2C_MspInit
                0x080017e0       0xac CMakeFiles/PosSysV1.0.elf.dir/Core/Src/i2c.c.obj
                0x080017e0                HAL_I2C_MspInit
 .text.HAL_UART_RxCpltCallback
                0x0800188c       0x70 CMakeFiles/PosSysV1.0.elf.dir/Core/Src/main.c.obj
                0x0800188c                HAL_UART_RxCpltCallback
 .text.HAL_TIM_PeriodElapsedCallback
                0x080018fc       0x40 CMakeFiles/PosSysV1.0.elf.dir/Core/Src/main.c.obj
                0x080018fc                HAL_TIM_PeriodElapsedCallback
 .text.Error_Handler
                0x0800193c        0x4 CMakeFiles/PosSysV1.0.elf.dir/Core/Src/main.c.obj
                0x0800193c                Error_Handler
 .text.SystemClock_Config
                0x08001940       0x64 CMakeFiles/PosSysV1.0.elf.dir/Core/Src/main.c.obj
                0x08001940                SystemClock_Config
 .text.main     0x080019a4       0x94 CMakeFiles/PosSysV1.0.elf.dir/Core/Src/main.c.obj
                0x080019a4                main
 .text.MX_SPI2_Init
                0x08001a38       0x40 CMakeFiles/PosSysV1.0.elf.dir/Core/Src/spi.c.obj
                0x08001a38                MX_SPI2_Init
 .text.HAL_SPI_MspInit
                0x08001a78       0x78 CMakeFiles/PosSysV1.0.elf.dir/Core/Src/spi.c.obj
                0x08001a78                HAL_SPI_MspInit
 .text.HAL_MspInit
                0x08001af0       0x54 CMakeFiles/PosSysV1.0.elf.dir/Core/Src/stm32f1xx_hal_msp.c.obj
                0x08001af0                HAL_MspInit
 .text.HAL_InitTick
                0x08001b44       0xa0 CMakeFiles/PosSysV1.0.elf.dir/Core/Src/stm32f1xx_hal_timebase_tim.c.obj
                0x08001b44                HAL_InitTick
 .text.NMI_Handler
                0x08001be4        0x2 CMakeFiles/PosSysV1.0.elf.dir/Core/Src/stm32f1xx_it.c.obj
                0x08001be4                NMI_Handler
 .text.HardFault_Handler
                0x08001be6        0x2 CMakeFiles/PosSysV1.0.elf.dir/Core/Src/stm32f1xx_it.c.obj
                0x08001be6                HardFault_Handler
 .text.MemManage_Handler
                0x08001be8        0x2 CMakeFiles/PosSysV1.0.elf.dir/Core/Src/stm32f1xx_it.c.obj
                0x08001be8                MemManage_Handler
 .text.BusFault_Handler
                0x08001bea        0x2 CMakeFiles/PosSysV1.0.elf.dir/Core/Src/stm32f1xx_it.c.obj
                0x08001bea                BusFault_Handler
 .text.UsageFault_Handler
                0x08001bec        0x2 CMakeFiles/PosSysV1.0.elf.dir/Core/Src/stm32f1xx_it.c.obj
                0x08001bec                UsageFault_Handler
 .text.DebugMon_Handler
                0x08001bee        0x2 CMakeFiles/PosSysV1.0.elf.dir/Core/Src/stm32f1xx_it.c.obj
                0x08001bee                DebugMon_Handler
 .text.USART1_IRQHandler
                0x08001bf0       0x10 CMakeFiles/PosSysV1.0.elf.dir/Core/Src/stm32f1xx_it.c.obj
                0x08001bf0                USART1_IRQHandler
 .text.UART4_IRQHandler
                0x08001c00       0x10 CMakeFiles/PosSysV1.0.elf.dir/Core/Src/stm32f1xx_it.c.obj
                0x08001c00                UART4_IRQHandler
 .text.UART5_IRQHandler
                0x08001c10       0x10 CMakeFiles/PosSysV1.0.elf.dir/Core/Src/stm32f1xx_it.c.obj
                0x08001c10                UART5_IRQHandler
 .text.TIM6_IRQHandler
                0x08001c20       0x10 CMakeFiles/PosSysV1.0.elf.dir/Core/Src/stm32f1xx_it.c.obj
                0x08001c20                TIM6_IRQHandler
 .text.TIM7_IRQHandler
                0x08001c30       0x10 CMakeFiles/PosSysV1.0.elf.dir/Core/Src/stm32f1xx_it.c.obj
                0x08001c30                TIM7_IRQHandler
 .text._getpid  0x08001c40        0x4 CMakeFiles/PosSysV1.0.elf.dir/Core/Src/syscalls.c.obj
                0x08001c40                _getpid
 .text._kill    0x08001c44       0x10 CMakeFiles/PosSysV1.0.elf.dir/Core/Src/syscalls.c.obj
                0x08001c44                _kill
 .text._exit    0x08001c54        0xc CMakeFiles/PosSysV1.0.elf.dir/Core/Src/syscalls.c.obj
                0x08001c54                _exit
 .text._read    0x08001c60       0x20 CMakeFiles/PosSysV1.0.elf.dir/Core/Src/syscalls.c.obj
                0x08001c60                _read
 .text._write   0x08001c80       0x1c CMakeFiles/PosSysV1.0.elf.dir/Core/Src/syscalls.c.obj
                0x08001c80                _write
 .text._close   0x08001c9c        0x6 CMakeFiles/PosSysV1.0.elf.dir/Core/Src/syscalls.c.obj
                0x08001c9c                _close
 .text._fstat   0x08001ca2        0xa CMakeFiles/PosSysV1.0.elf.dir/Core/Src/syscalls.c.obj
                0x08001ca2                _fstat
 .text._isatty  0x08001cac        0x4 CMakeFiles/PosSysV1.0.elf.dir/Core/Src/syscalls.c.obj
                0x08001cac                _isatty
 .text._lseek   0x08001cb0        0x4 CMakeFiles/PosSysV1.0.elf.dir/Core/Src/syscalls.c.obj
                0x08001cb0                _lseek
 .text._sbrk    0x08001cb4       0x48 CMakeFiles/PosSysV1.0.elf.dir/Core/Src/sysmem.c.obj
                0x08001cb4                _sbrk
 .text.SystemInit
                0x08001cfc        0x2 CMakeFiles/PosSysV1.0.elf.dir/Core/Src/system_stm32f1xx.c.obj
                0x08001cfc                SystemInit
 *fill*         0x08001cfe        0x2 
 .text.MX_TIM7_Init
                0x08001d00       0x50 CMakeFiles/PosSysV1.0.elf.dir/Core/Src/tim.c.obj
                0x08001d00                MX_TIM7_Init
 .text.HAL_TIM_PWM_MspInit
                0x08001d50       0x26 CMakeFiles/PosSysV1.0.elf.dir/Core/Src/tim.c.obj
                0x08001d50                HAL_TIM_PWM_MspInit
 *fill*         0x08001d76        0x2 
 .text.HAL_TIM_Base_MspInit
                0x08001d78       0x40 CMakeFiles/PosSysV1.0.elf.dir/Core/Src/tim.c.obj
                0x08001d78                HAL_TIM_Base_MspInit
 .text.HAL_TIM_MspPostInit
                0x08001db8       0x4c CMakeFiles/PosSysV1.0.elf.dir/Core/Src/tim.c.obj
                0x08001db8                HAL_TIM_MspPostInit
 .text.MX_TIM2_Init
                0x08001e04       0x94 CMakeFiles/PosSysV1.0.elf.dir/Core/Src/tim.c.obj
                0x08001e04                MX_TIM2_Init
 .text.MX_UART4_Init
                0x08001e98       0x34 CMakeFiles/PosSysV1.0.elf.dir/Core/Src/usart.c.obj
                0x08001e98                MX_UART4_Init
 .text.MX_UART5_Init
                0x08001ecc       0x34 CMakeFiles/PosSysV1.0.elf.dir/Core/Src/usart.c.obj
                0x08001ecc                MX_UART5_Init
 .text.MX_USART1_UART_Init
                0x08001f00       0x34 CMakeFiles/PosSysV1.0.elf.dir/Core/Src/usart.c.obj
                0x08001f00                MX_USART1_UART_Init
 .text.HAL_UART_MspInit
                0x08001f34      0x17c CMakeFiles/PosSysV1.0.elf.dir/Core/Src/usart.c.obj
                0x08001f34                HAL_UART_MspInit
 .text.Reset_Handler
                0x080020b0       0x48 CMakeFiles/PosSysV1.0.elf.dir/Core/Startup/startup_stm32f103rctx.s.obj
                0x080020b0                Reset_Handler
 .text.Default_Handler
                0x080020f8        0x2 CMakeFiles/PosSysV1.0.elf.dir/Core/Startup/startup_stm32f103rctx.s.obj
                0x080020f8                RTC_Alarm_IRQHandler
                0x080020f8                EXTI2_IRQHandler
                0x080020f8                TIM8_TRG_COM_IRQHandler
                0x080020f8                TIM8_CC_IRQHandler
                0x080020f8                TIM1_CC_IRQHandler
                0x080020f8                PVD_IRQHandler
                0x080020f8                SDIO_IRQHandler
                0x080020f8                EXTI3_IRQHandler
                0x080020f8                EXTI0_IRQHandler
                0x080020f8                I2C2_EV_IRQHandler
                0x080020f8                ADC1_2_IRQHandler
                0x080020f8                SPI1_IRQHandler
                0x080020f8                TAMPER_IRQHandler
                0x080020f8                TIM8_UP_IRQHandler
                0x080020f8                DMA2_Channel2_IRQHandler
                0x080020f8                DMA1_Channel4_IRQHandler
                0x080020f8                USART3_IRQHandler
                0x080020f8                RTC_IRQHandler
                0x080020f8                DMA1_Channel7_IRQHandler
                0x080020f8                CAN1_RX1_IRQHandler
                0x080020f8                ADC3_IRQHandler
                0x080020f8                TIM4_IRQHandler
                0x080020f8                DMA2_Channel1_IRQHandler
                0x080020f8                I2C1_EV_IRQHandler
                0x080020f8                DMA1_Channel6_IRQHandler
                0x080020f8                TIM3_IRQHandler
                0x080020f8                RCC_IRQHandler
                0x080020f8                TIM1_TRG_COM_IRQHandler
                0x080020f8                DMA1_Channel1_IRQHandler
                0x080020f8                Default_Handler
                0x080020f8                EXTI15_10_IRQHandler
                0x080020f8                TIM5_IRQHandler
                0x080020f8                EXTI9_5_IRQHandler
                0x080020f8                SPI2_IRQHandler
                0x080020f8                DMA1_Channel5_IRQHandler
                0x080020f8                EXTI4_IRQHandler
                0x080020f8                USB_LP_CAN1_RX0_IRQHandler
                0x080020f8                USB_HP_CAN1_TX_IRQHandler
                0x080020f8                DMA1_Channel3_IRQHandler
                0x080020f8                FSMC_IRQHandler
                0x080020f8                TIM1_UP_IRQHandler
                0x080020f8                WWDG_IRQHandler
                0x080020f8                TIM2_IRQHandler
                0x080020f8                TIM1_BRK_IRQHandler
                0x080020f8                EXTI1_IRQHandler
                0x080020f8                DMA2_Channel4_5_IRQHandler
                0x080020f8                USART2_IRQHandler
                0x080020f8                I2C2_ER_IRQHandler
                0x080020f8                DMA1_Channel2_IRQHandler
                0x080020f8                TIM8_BRK_IRQHandler
                0x080020f8                CAN1_SCE_IRQHandler
                0x080020f8                FLASH_IRQHandler
                0x080020f8                SPI3_IRQHandler
                0x080020f8                I2C1_ER_IRQHandler
                0x080020f8                USBWakeUp_IRQHandler
                0x080020f8                DMA2_Channel3_IRQHandler
 *fill*         0x080020fa        0x2 
 .text.HAL_Init
                0x080020fc       0x24 CMakeFiles/PosSysV1.0.elf.dir/Drivers/STM32F1xx_HAL_Driver/Src/stm32f1xx_hal.c.obj
                0x080020fc                HAL_Init
 .text.HAL_IncTick
                0x08002120       0x18 CMakeFiles/PosSysV1.0.elf.dir/Drivers/STM32F1xx_HAL_Driver/Src/stm32f1xx_hal.c.obj
                0x08002120                HAL_IncTick
 .text.HAL_GetTick
                0x08002138        0xc CMakeFiles/PosSysV1.0.elf.dir/Drivers/STM32F1xx_HAL_Driver/Src/stm32f1xx_hal.c.obj
                0x08002138                HAL_GetTick
 .text.HAL_Delay
                0x08002144       0x28 CMakeFiles/PosSysV1.0.elf.dir/Drivers/STM32F1xx_HAL_Driver/Src/stm32f1xx_hal.c.obj
                0x08002144                HAL_Delay
 .text.HAL_NVIC_SetPriorityGrouping
                0x0800216c       0x24 CMakeFiles/PosSysV1.0.elf.dir/Drivers/STM32F1xx_HAL_Driver/Src/stm32f1xx_hal_cortex.c.obj
                0x0800216c                HAL_NVIC_SetPriorityGrouping
 .text.HAL_NVIC_SetPriority
                0x08002190       0x70 CMakeFiles/PosSysV1.0.elf.dir/Drivers/STM32F1xx_HAL_Driver/Src/stm32f1xx_hal_cortex.c.obj
                0x08002190                HAL_NVIC_SetPriority
 .text.HAL_NVIC_EnableIRQ
                0x08002200       0x1c CMakeFiles/PosSysV1.0.elf.dir/Drivers/STM32F1xx_HAL_Driver/Src/stm32f1xx_hal_cortex.c.obj
                0x08002200                HAL_NVIC_EnableIRQ
 .text.HAL_DMA_Abort
                0x0800221c       0x46 CMakeFiles/PosSysV1.0.elf.dir/Drivers/STM32F1xx_HAL_Driver/Src/stm32f1xx_hal_dma.c.obj
                0x0800221c                HAL_DMA_Abort
 *fill*         0x08002262        0x2 
 .text.HAL_DMA_Abort_IT
                0x08002264      0x16c CMakeFiles/PosSysV1.0.elf.dir/Drivers/STM32F1xx_HAL_Driver/Src/stm32f1xx_hal_dma.c.obj
                0x08002264                HAL_DMA_Abort_IT
 .text.HAL_GPIO_Init
                0x080023d0      0x240 CMakeFiles/PosSysV1.0.elf.dir/Drivers/STM32F1xx_HAL_Driver/Src/stm32f1xx_hal_gpio.c.obj
                0x080023d0                HAL_GPIO_Init
 .text.HAL_GPIO_WritePin
                0x08002610        0xc CMakeFiles/PosSysV1.0.elf.dir/Drivers/STM32F1xx_HAL_Driver/Src/stm32f1xx_hal_gpio.c.obj
                0x08002610                HAL_GPIO_WritePin
 .text.I2C_IsAcknowledgeFailed
                0x0800261c       0x32 CMakeFiles/PosSysV1.0.elf.dir/Drivers/STM32F1xx_HAL_Driver/Src/stm32f1xx_hal_i2c.c.obj
 .text.I2C_WaitOnFlagUntilTimeout
                0x0800264e       0xaa CMakeFiles/PosSysV1.0.elf.dir/Drivers/STM32F1xx_HAL_Driver/Src/stm32f1xx_hal_i2c.c.obj
 .text.I2C_WaitOnMasterAddressFlagUntilTimeout
                0x080026f8       0xd6 CMakeFiles/PosSysV1.0.elf.dir/Drivers/STM32F1xx_HAL_Driver/Src/stm32f1xx_hal_i2c.c.obj
 .text.I2C_WaitOnTXEFlagUntilTimeout
                0x080027ce       0x5e CMakeFiles/PosSysV1.0.elf.dir/Drivers/STM32F1xx_HAL_Driver/Src/stm32f1xx_hal_i2c.c.obj
 .text.I2C_RequestMemoryRead
                0x0800282c      0x154 CMakeFiles/PosSysV1.0.elf.dir/Drivers/STM32F1xx_HAL_Driver/Src/stm32f1xx_hal_i2c.c.obj
 .text.I2C_WaitOnRXNEFlagUntilTimeout
                0x08002980       0x78 CMakeFiles/PosSysV1.0.elf.dir/Drivers/STM32F1xx_HAL_Driver/Src/stm32f1xx_hal_i2c.c.obj
 .text.HAL_I2C_Init
                0x080029f8      0x1bc CMakeFiles/PosSysV1.0.elf.dir/Drivers/STM32F1xx_HAL_Driver/Src/stm32f1xx_hal_i2c.c.obj
                0x080029f8                HAL_I2C_Init
 .text.HAL_I2C_Mem_Read
                0x08002bb4      0x348 CMakeFiles/PosSysV1.0.elf.dir/Drivers/STM32F1xx_HAL_Driver/Src/stm32f1xx_hal_i2c.c.obj
                0x08002bb4                HAL_I2C_Mem_Read
 .text.RCC_Delay
                0x08002efc       0x2c CMakeFiles/PosSysV1.0.elf.dir/Drivers/STM32F1xx_HAL_Driver/Src/stm32f1xx_hal_rcc.c.obj
 .text.HAL_RCC_OscConfig
                0x08002f28      0x410 CMakeFiles/PosSysV1.0.elf.dir/Drivers/STM32F1xx_HAL_Driver/Src/stm32f1xx_hal_rcc.c.obj
                0x08002f28                HAL_RCC_OscConfig
 .text.HAL_RCC_GetSysClockFreq
                0x08003338       0x54 CMakeFiles/PosSysV1.0.elf.dir/Drivers/STM32F1xx_HAL_Driver/Src/stm32f1xx_hal_rcc.c.obj
                0x08003338                HAL_RCC_GetSysClockFreq
 .text.HAL_RCC_ClockConfig
                0x0800338c      0x16c CMakeFiles/PosSysV1.0.elf.dir/Drivers/STM32F1xx_HAL_Driver/Src/stm32f1xx_hal_rcc.c.obj
                0x0800338c                HAL_RCC_ClockConfig
 .text.HAL_RCC_GetHCLKFreq
                0x080034f8        0xc CMakeFiles/PosSysV1.0.elf.dir/Drivers/STM32F1xx_HAL_Driver/Src/stm32f1xx_hal_rcc.c.obj
                0x080034f8                HAL_RCC_GetHCLKFreq
 .text.HAL_RCC_GetPCLK1Freq
                0x08003504       0x20 CMakeFiles/PosSysV1.0.elf.dir/Drivers/STM32F1xx_HAL_Driver/Src/stm32f1xx_hal_rcc.c.obj
                0x08003504                HAL_RCC_GetPCLK1Freq
 .text.HAL_RCC_GetPCLK2Freq
                0x08003524       0x20 CMakeFiles/PosSysV1.0.elf.dir/Drivers/STM32F1xx_HAL_Driver/Src/stm32f1xx_hal_rcc.c.obj
                0x08003524                HAL_RCC_GetPCLK2Freq
 .text.HAL_RCC_GetClockConfig
                0x08003544       0x3c CMakeFiles/PosSysV1.0.elf.dir/Drivers/STM32F1xx_HAL_Driver/Src/stm32f1xx_hal_rcc.c.obj
                0x08003544                HAL_RCC_GetClockConfig
 .text.HAL_SPI_Init
                0x08003580       0xb6 CMakeFiles/PosSysV1.0.elf.dir/Drivers/STM32F1xx_HAL_Driver/Src/stm32f1xx_hal_spi.c.obj
                0x08003580                HAL_SPI_Init
 *fill*         0x08003636        0x2 
 .text.TIM_OC1_SetConfig
                0x08003638       0x68 CMakeFiles/PosSysV1.0.elf.dir/Drivers/STM32F1xx_HAL_Driver/Src/stm32f1xx_hal_tim.c.obj
 .text.TIM_OC3_SetConfig
                0x080036a0       0x70 CMakeFiles/PosSysV1.0.elf.dir/Drivers/STM32F1xx_HAL_Driver/Src/stm32f1xx_hal_tim.c.obj
 .text.TIM_OC4_SetConfig
                0x08003710       0x50 CMakeFiles/PosSysV1.0.elf.dir/Drivers/STM32F1xx_HAL_Driver/Src/stm32f1xx_hal_tim.c.obj
 .text.HAL_TIM_Base_Start_IT
                0x08003760       0x78 CMakeFiles/PosSysV1.0.elf.dir/Drivers/STM32F1xx_HAL_Driver/Src/stm32f1xx_hal_tim.c.obj
                0x08003760                HAL_TIM_Base_Start_IT
 .text.HAL_TIM_OC_DelayElapsedCallback
                0x080037d8        0x2 CMakeFiles/PosSysV1.0.elf.dir/Drivers/STM32F1xx_HAL_Driver/Src/stm32f1xx_hal_tim.c.obj
                0x080037d8                HAL_TIM_OC_DelayElapsedCallback
 .text.HAL_TIM_IC_CaptureCallback
                0x080037da        0x2 CMakeFiles/PosSysV1.0.elf.dir/Drivers/STM32F1xx_HAL_Driver/Src/stm32f1xx_hal_tim.c.obj
                0x080037da                HAL_TIM_IC_CaptureCallback
 .text.HAL_TIM_PWM_PulseFinishedCallback
                0x080037dc        0x2 CMakeFiles/PosSysV1.0.elf.dir/Drivers/STM32F1xx_HAL_Driver/Src/stm32f1xx_hal_tim.c.obj
                0x080037dc                HAL_TIM_PWM_PulseFinishedCallback
 .text.HAL_TIM_TriggerCallback
                0x080037de        0x2 CMakeFiles/PosSysV1.0.elf.dir/Drivers/STM32F1xx_HAL_Driver/Src/stm32f1xx_hal_tim.c.obj
                0x080037de                HAL_TIM_TriggerCallback
 .text.HAL_TIM_IRQHandler
                0x080037e0      0x17a CMakeFiles/PosSysV1.0.elf.dir/Drivers/STM32F1xx_HAL_Driver/Src/stm32f1xx_hal_tim.c.obj
                0x080037e0                HAL_TIM_IRQHandler
 *fill*         0x0800395a        0x2 
 .text.TIM_Base_SetConfig
                0x0800395c       0x98 CMakeFiles/PosSysV1.0.elf.dir/Drivers/STM32F1xx_HAL_Driver/Src/stm32f1xx_hal_tim.c.obj
                0x0800395c                TIM_Base_SetConfig
 .text.HAL_TIM_Base_Init
                0x080039f4       0x58 CMakeFiles/PosSysV1.0.elf.dir/Drivers/STM32F1xx_HAL_Driver/Src/stm32f1xx_hal_tim.c.obj
                0x080039f4                HAL_TIM_Base_Init
 .text.HAL_TIM_PWM_Init
                0x08003a4c       0x58 CMakeFiles/PosSysV1.0.elf.dir/Drivers/STM32F1xx_HAL_Driver/Src/stm32f1xx_hal_tim.c.obj
                0x08003a4c                HAL_TIM_PWM_Init
 .text.TIM_OC2_SetConfig
                0x08003aa4       0x70 CMakeFiles/PosSysV1.0.elf.dir/Drivers/STM32F1xx_HAL_Driver/Src/stm32f1xx_hal_tim.c.obj
                0x08003aa4                TIM_OC2_SetConfig
 .text.HAL_TIM_PWM_ConfigChannel
                0x08003b14       0xdc CMakeFiles/PosSysV1.0.elf.dir/Drivers/STM32F1xx_HAL_Driver/Src/stm32f1xx_hal_tim.c.obj
                0x08003b14                HAL_TIM_PWM_ConfigChannel
 .text.TIM_CCxChannelCmd
                0x08003bf0       0x1e CMakeFiles/PosSysV1.0.elf.dir/Drivers/STM32F1xx_HAL_Driver/Src/stm32f1xx_hal_tim.c.obj
                0x08003bf0                TIM_CCxChannelCmd
 *fill*         0x08003c0e        0x2 
 .text.HAL_TIM_PWM_Start
                0x08003c10       0xf4 CMakeFiles/PosSysV1.0.elf.dir/Drivers/STM32F1xx_HAL_Driver/Src/stm32f1xx_hal_tim.c.obj
                0x08003c10                HAL_TIM_PWM_Start
 .text.HAL_TIMEx_MasterConfigSynchronization
                0x08003d04       0x7c CMakeFiles/PosSysV1.0.elf.dir/Drivers/STM32F1xx_HAL_Driver/Src/stm32f1xx_hal_tim_ex.c.obj
                0x08003d04                HAL_TIMEx_MasterConfigSynchronization
 .text.HAL_TIMEx_CommutCallback
                0x08003d80        0x2 CMakeFiles/PosSysV1.0.elf.dir/Drivers/STM32F1xx_HAL_Driver/Src/stm32f1xx_hal_tim_ex.c.obj
                0x08003d80                HAL_TIMEx_CommutCallback
 .text.HAL_TIMEx_BreakCallback
                0x08003d82        0x2 CMakeFiles/PosSysV1.0.elf.dir/Drivers/STM32F1xx_HAL_Driver/Src/stm32f1xx_hal_tim_ex.c.obj
                0x08003d82                HAL_TIMEx_BreakCallback
 .text.UART_EndRxTransfer
                0x08003d84       0x5c CMakeFiles/PosSysV1.0.elf.dir/Drivers/STM32F1xx_HAL_Driver/Src/stm32f1xx_hal_uart.c.obj
 .text.UART_Transmit_IT
                0x08003de0       0x60 CMakeFiles/PosSysV1.0.elf.dir/Drivers/STM32F1xx_HAL_Driver/Src/stm32f1xx_hal_uart.c.obj
 .text.UART_SetConfig
                0x08003e40       0x94 CMakeFiles/PosSysV1.0.elf.dir/Drivers/STM32F1xx_HAL_Driver/Src/stm32f1xx_hal_uart.c.obj
 .text.UART_WaitOnFlagUntilTimeout
                0x08003ed4       0x88 CMakeFiles/PosSysV1.0.elf.dir/Drivers/STM32F1xx_HAL_Driver/Src/stm32f1xx_hal_uart.c.obj
 .text.HAL_UART_Init
                0x08003f5c       0x60 CMakeFiles/PosSysV1.0.elf.dir/Drivers/STM32F1xx_HAL_Driver/Src/stm32f1xx_hal_uart.c.obj
                0x08003f5c                HAL_UART_Init
 .text.HAL_UART_Transmit
                0x08003fbc       0xbe CMakeFiles/PosSysV1.0.elf.dir/Drivers/STM32F1xx_HAL_Driver/Src/stm32f1xx_hal_uart.c.obj
                0x08003fbc                HAL_UART_Transmit
 .text.HAL_UART_TxCpltCallback
                0x0800407a        0x2 CMakeFiles/PosSysV1.0.elf.dir/Drivers/STM32F1xx_HAL_Driver/Src/stm32f1xx_hal_uart.c.obj
                0x0800407a                HAL_UART_TxCpltCallback
 .text.UART_EndTransmit_IT
                0x0800407c       0x1a CMakeFiles/PosSysV1.0.elf.dir/Drivers/STM32F1xx_HAL_Driver/Src/stm32f1xx_hal_uart.c.obj
 .text.HAL_UART_ErrorCallback
                0x08004096        0x2 CMakeFiles/PosSysV1.0.elf.dir/Drivers/STM32F1xx_HAL_Driver/Src/stm32f1xx_hal_uart.c.obj
                0x08004096                HAL_UART_ErrorCallback
 .text.UART_DMAAbortOnError
                0x08004098       0x10 CMakeFiles/PosSysV1.0.elf.dir/Drivers/STM32F1xx_HAL_Driver/Src/stm32f1xx_hal_uart.c.obj
 .text.HAL_UARTEx_RxEventCallback
                0x080040a8        0x2 CMakeFiles/PosSysV1.0.elf.dir/Drivers/STM32F1xx_HAL_Driver/Src/stm32f1xx_hal_uart.c.obj
                0x080040a8                HAL_UARTEx_RxEventCallback
 .text.UART_Receive_IT
                0x080040aa       0xe6 CMakeFiles/PosSysV1.0.elf.dir/Drivers/STM32F1xx_HAL_Driver/Src/stm32f1xx_hal_uart.c.obj
 .text.HAL_UART_IRQHandler
                0x08004190      0x288 CMakeFiles/PosSysV1.0.elf.dir/Drivers/STM32F1xx_HAL_Driver/Src/stm32f1xx_hal_uart.c.obj
                0x08004190                HAL_UART_IRQHandler
 .text.UART_Start_Receive_IT
                0x08004418       0x36 CMakeFiles/PosSysV1.0.elf.dir/Drivers/STM32F1xx_HAL_Driver/Src/stm32f1xx_hal_uart.c.obj
                0x08004418                UART_Start_Receive_IT
 .text.HAL_UART_Receive_IT
                0x0800444e       0x26 CMakeFiles/PosSysV1.0.elf.dir/Drivers/STM32F1xx_HAL_Driver/Src/stm32f1xx_hal_uart.c.obj
                0x0800444e                HAL_UART_Receive_IT
 .text.osKernelInitialize
                0x08004474       0x44 CMakeFiles/PosSysV1.0.elf.dir/Middlewares/Third_Party/FreeRTOS/Source/CMSIS_RTOS_V2/cmsis_os2.c.obj
                0x08004474                osKernelInitialize
 .text.osKernelStart
                0x080044b8       0x4c CMakeFiles/PosSysV1.0.elf.dir/Middlewares/Third_Party/FreeRTOS/Source/CMSIS_RTOS_V2/cmsis_os2.c.obj
                0x080044b8                osKernelStart
 .text.osThreadNew
                0x08004504       0xf0 CMakeFiles/PosSysV1.0.elf.dir/Middlewares/Third_Party/FreeRTOS/Source/CMSIS_RTOS_V2/cmsis_os2.c.obj
                0x08004504                osThreadNew
 .text.osDelay  0x080045f4       0x44 CMakeFiles/PosSysV1.0.elf.dir/Middlewares/Third_Party/FreeRTOS/Source/CMSIS_RTOS_V2/cmsis_os2.c.obj
                0x080045f4                osDelay
 .text.vApplicationGetIdleTaskMemory
                0x08004638       0x18 CMakeFiles/PosSysV1.0.elf.dir/Middlewares/Third_Party/FreeRTOS/Source/CMSIS_RTOS_V2/cmsis_os2.c.obj
                0x08004638                vApplicationGetIdleTaskMemory
 .text.vApplicationGetTimerTaskMemory
                0x08004650       0x18 CMakeFiles/PosSysV1.0.elf.dir/Middlewares/Third_Party/FreeRTOS/Source/CMSIS_RTOS_V2/cmsis_os2.c.obj
                0x08004650                vApplicationGetTimerTaskMemory
 .text.vListInitialise
                0x08004668       0x16 CMakeFiles/PosSysV1.0.elf.dir/Middlewares/Third_Party/FreeRTOS/Source/list.c.obj
                0x08004668                vListInitialise
 .text.vListInitialiseItem
                0x0800467e        0x6 CMakeFiles/PosSysV1.0.elf.dir/Middlewares/Third_Party/FreeRTOS/Source/list.c.obj
                0x0800467e                vListInitialiseItem
 .text.vListInsertEnd
                0x08004684       0x16 CMakeFiles/PosSysV1.0.elf.dir/Middlewares/Third_Party/FreeRTOS/Source/list.c.obj
                0x08004684                vListInsertEnd
 .text.vListInsert
                0x0800469a       0x32 CMakeFiles/PosSysV1.0.elf.dir/Middlewares/Third_Party/FreeRTOS/Source/list.c.obj
                0x0800469a                vListInsert
 .text.uxListRemove
                0x080046cc       0x26 CMakeFiles/PosSysV1.0.elf.dir/Middlewares/Third_Party/FreeRTOS/Source/list.c.obj
                0x080046cc                uxListRemove
 *fill*         0x080046f2        0x2 
 .text.prvTaskExitError
                0x080046f4       0x40 CMakeFiles/PosSysV1.0.elf.dir/Middlewares/Third_Party/FreeRTOS/Source/portable/GCC/ARM_CM3/port.c.obj
 .text.prvPortStartFirstTask
                0x08004734       0x20 CMakeFiles/PosSysV1.0.elf.dir/Middlewares/Third_Party/FreeRTOS/Source/portable/GCC/ARM_CM3/port.c.obj
 .text.pxPortInitialiseStack
                0x08004754       0x24 CMakeFiles/PosSysV1.0.elf.dir/Middlewares/Third_Party/FreeRTOS/Source/portable/GCC/ARM_CM3/port.c.obj
                0x08004754                pxPortInitialiseStack
 *fill*         0x08004778        0x8 
 .text.SVC_Handler
                0x08004780       0x24 CMakeFiles/PosSysV1.0.elf.dir/Middlewares/Third_Party/FreeRTOS/Source/portable/GCC/ARM_CM3/port.c.obj
                0x08004780                SVC_Handler
 .text.vPortEnterCritical
                0x080047a4       0x44 CMakeFiles/PosSysV1.0.elf.dir/Middlewares/Third_Party/FreeRTOS/Source/portable/GCC/ARM_CM3/port.c.obj
                0x080047a4                vPortEnterCritical
 .text.vPortExitCritical
                0x080047e8       0x2c CMakeFiles/PosSysV1.0.elf.dir/Middlewares/Third_Party/FreeRTOS/Source/portable/GCC/ARM_CM3/port.c.obj
                0x080047e8                vPortExitCritical
 *fill*         0x08004814        0xc 
 .text.PendSV_Handler
                0x08004820       0x44 CMakeFiles/PosSysV1.0.elf.dir/Middlewares/Third_Party/FreeRTOS/Source/portable/GCC/ARM_CM3/port.c.obj
                0x08004820                PendSV_Handler
 .text.SysTick_Handler
                0x08004864       0x2c CMakeFiles/PosSysV1.0.elf.dir/Middlewares/Third_Party/FreeRTOS/Source/portable/GCC/ARM_CM3/port.c.obj
                0x08004864                SysTick_Handler
 .text.vPortSetupTimerInterrupt
                0x08004890       0x28 CMakeFiles/PosSysV1.0.elf.dir/Middlewares/Third_Party/FreeRTOS/Source/portable/GCC/ARM_CM3/port.c.obj
                0x08004890                vPortSetupTimerInterrupt
 .text.xPortStartScheduler
                0x080048b8       0xc0 CMakeFiles/PosSysV1.0.elf.dir/Middlewares/Third_Party/FreeRTOS/Source/portable/GCC/ARM_CM3/port.c.obj
                0x080048b8                xPortStartScheduler
 .text.vPortValidateInterruptPriority
                0x08004978       0x5c CMakeFiles/PosSysV1.0.elf.dir/Middlewares/Third_Party/FreeRTOS/Source/portable/GCC/ARM_CM3/port.c.obj
                0x08004978                vPortValidateInterruptPriority
 .text.prvHeapInit
                0x080049d4       0x64 CMakeFiles/PosSysV1.0.elf.dir/Middlewares/Third_Party/FreeRTOS/Source/portable/MemMang/heap_4.c.obj
 .text.prvInsertBlockIntoFreeList
                0x08004a38       0x60 CMakeFiles/PosSysV1.0.elf.dir/Middlewares/Third_Party/FreeRTOS/Source/portable/MemMang/heap_4.c.obj
 .text.pvPortMalloc
                0x08004a98       0xf0 CMakeFiles/PosSysV1.0.elf.dir/Middlewares/Third_Party/FreeRTOS/Source/portable/MemMang/heap_4.c.obj
                0x08004a98                pvPortMalloc
 .text.vPortFree
                0x08004b88       0x70 CMakeFiles/PosSysV1.0.elf.dir/Middlewares/Third_Party/FreeRTOS/Source/portable/MemMang/heap_4.c.obj
                0x08004b88                vPortFree
 .text.prvIsQueueFull
                0x08004bf8       0x1e CMakeFiles/PosSysV1.0.elf.dir/Middlewares/Third_Party/FreeRTOS/Source/queue.c.obj
 .text.prvIsQueueEmpty
                0x08004c16       0x1a CMakeFiles/PosSysV1.0.elf.dir/Middlewares/Third_Party/FreeRTOS/Source/queue.c.obj
 .text.prvCopyDataToQueue
                0x08004c30       0x76 CMakeFiles/PosSysV1.0.elf.dir/Middlewares/Third_Party/FreeRTOS/Source/queue.c.obj
 .text.prvCopyDataFromQueue
                0x08004ca6       0x24 CMakeFiles/PosSysV1.0.elf.dir/Middlewares/Third_Party/FreeRTOS/Source/queue.c.obj
 .text.prvUnlockQueue
                0x08004cca       0x6e CMakeFiles/PosSysV1.0.elf.dir/Middlewares/Third_Party/FreeRTOS/Source/queue.c.obj
 .text.xQueueGenericReset
                0x08004d38       0x84 CMakeFiles/PosSysV1.0.elf.dir/Middlewares/Third_Party/FreeRTOS/Source/queue.c.obj
                0x08004d38                xQueueGenericReset
 .text.prvInitialiseNewQueue
                0x08004dbc       0x22 CMakeFiles/PosSysV1.0.elf.dir/Middlewares/Third_Party/FreeRTOS/Source/queue.c.obj
 .text.xQueueGenericCreateStatic
                0x08004dde       0x92 CMakeFiles/PosSysV1.0.elf.dir/Middlewares/Third_Party/FreeRTOS/Source/queue.c.obj
                0x08004dde                xQueueGenericCreateStatic
 .text.xQueueGenericSend
                0x08004e70      0x188 CMakeFiles/PosSysV1.0.elf.dir/Middlewares/Third_Party/FreeRTOS/Source/queue.c.obj
                0x08004e70                xQueueGenericSend
 .text.xQueueGenericSendFromISR
                0x08004ff8       0xcc CMakeFiles/PosSysV1.0.elf.dir/Middlewares/Third_Party/FreeRTOS/Source/queue.c.obj
                0x08004ff8                xQueueGenericSendFromISR
 .text.xQueueReceive
                0x080050c4      0x15e CMakeFiles/PosSysV1.0.elf.dir/Middlewares/Third_Party/FreeRTOS/Source/queue.c.obj
                0x080050c4                xQueueReceive
 *fill*         0x08005222        0x2 
 .text.vQueueAddToRegistry
                0x08005224       0x28 CMakeFiles/PosSysV1.0.elf.dir/Middlewares/Third_Party/FreeRTOS/Source/queue.c.obj
                0x08005224                vQueueAddToRegistry
 .text.vQueueWaitForMessageRestricted
                0x0800524c       0x52 CMakeFiles/PosSysV1.0.elf.dir/Middlewares/Third_Party/FreeRTOS/Source/queue.c.obj
                0x0800524c                vQueueWaitForMessageRestricted
 *fill*         0x0800529e        0x2 
 .text.prvResetNextTaskUnblockTime
                0x080052a0       0x2c CMakeFiles/PosSysV1.0.elf.dir/Middlewares/Third_Party/FreeRTOS/Source/tasks.c.obj
 .text.prvInitialiseNewTask
                0x080052cc       0xfa CMakeFiles/PosSysV1.0.elf.dir/Middlewares/Third_Party/FreeRTOS/Source/tasks.c.obj
 *fill*         0x080053c6        0x2 
 .text.prvInitialiseTaskLists
                0x080053c8       0x68 CMakeFiles/PosSysV1.0.elf.dir/Middlewares/Third_Party/FreeRTOS/Source/tasks.c.obj
 .text.prvAddNewTaskToReadyList
                0x08005430       0xac CMakeFiles/PosSysV1.0.elf.dir/Middlewares/Third_Party/FreeRTOS/Source/tasks.c.obj
 .text.prvDeleteTCB
                0x080054dc       0x40 CMakeFiles/PosSysV1.0.elf.dir/Middlewares/Third_Party/FreeRTOS/Source/tasks.c.obj
 .text.prvCheckTasksWaitingTermination
                0x0800551c       0x4c CMakeFiles/PosSysV1.0.elf.dir/Middlewares/Third_Party/FreeRTOS/Source/tasks.c.obj
 .text.prvIdleTask
                0x08005568       0x28 CMakeFiles/PosSysV1.0.elf.dir/Middlewares/Third_Party/FreeRTOS/Source/tasks.c.obj
 .text.prvAddCurrentTaskToDelayedList
                0x08005590       0x7c CMakeFiles/PosSysV1.0.elf.dir/Middlewares/Third_Party/FreeRTOS/Source/tasks.c.obj
 .text.xTaskCreateStatic
                0x0800560c       0x78 CMakeFiles/PosSysV1.0.elf.dir/Middlewares/Third_Party/FreeRTOS/Source/tasks.c.obj
                0x0800560c                xTaskCreateStatic
 .text.xTaskCreate
                0x08005684       0x6a CMakeFiles/PosSysV1.0.elf.dir/Middlewares/Third_Party/FreeRTOS/Source/tasks.c.obj
                0x08005684                xTaskCreate
 *fill*         0x080056ee        0x2 
 .text.vTaskStartScheduler
                0x080056f0       0xac CMakeFiles/PosSysV1.0.elf.dir/Middlewares/Third_Party/FreeRTOS/Source/tasks.c.obj
                0x080056f0                vTaskStartScheduler
 .text.vTaskSuspendAll
                0x0800579c       0x10 CMakeFiles/PosSysV1.0.elf.dir/Middlewares/Third_Party/FreeRTOS/Source/tasks.c.obj
                0x0800579c                vTaskSuspendAll
 .text.xTaskGetTickCount
                0x080057ac        0xc CMakeFiles/PosSysV1.0.elf.dir/Middlewares/Third_Party/FreeRTOS/Source/tasks.c.obj
                0x080057ac                xTaskGetTickCount
 .text.xTaskIncrementTick
                0x080057b8      0x118 CMakeFiles/PosSysV1.0.elf.dir/Middlewares/Third_Party/FreeRTOS/Source/tasks.c.obj
                0x080057b8                xTaskIncrementTick
 .text.xTaskResumeAll
                0x080058d0       0xf8 CMakeFiles/PosSysV1.0.elf.dir/Middlewares/Third_Party/FreeRTOS/Source/tasks.c.obj
                0x080058d0                xTaskResumeAll
 .text.vTaskDelay
                0x080059c8       0x4c CMakeFiles/PosSysV1.0.elf.dir/Middlewares/Third_Party/FreeRTOS/Source/tasks.c.obj
                0x080059c8                vTaskDelay
 .text.vTaskSwitchContext
                0x08005a14       0xa0 CMakeFiles/PosSysV1.0.elf.dir/Middlewares/Third_Party/FreeRTOS/Source/tasks.c.obj
                0x08005a14                vTaskSwitchContext
 .text.vTaskPlaceOnEventList
                0x08005ab4       0x30 CMakeFiles/PosSysV1.0.elf.dir/Middlewares/Third_Party/FreeRTOS/Source/tasks.c.obj
                0x08005ab4                vTaskPlaceOnEventList
 .text.vTaskPlaceOnEventListRestricted
                0x08005ae4       0x38 CMakeFiles/PosSysV1.0.elf.dir/Middlewares/Third_Party/FreeRTOS/Source/tasks.c.obj
                0x08005ae4                vTaskPlaceOnEventListRestricted
 .text.xTaskRemoveFromEventList
                0x08005b1c       0x8c CMakeFiles/PosSysV1.0.elf.dir/Middlewares/Third_Party/FreeRTOS/Source/tasks.c.obj
                0x08005b1c                xTaskRemoveFromEventList
 .text.vTaskInternalSetTimeOutState
                0x08005ba8       0x18 CMakeFiles/PosSysV1.0.elf.dir/Middlewares/Third_Party/FreeRTOS/Source/tasks.c.obj
                0x08005ba8                vTaskInternalSetTimeOutState
 .text.xTaskCheckForTimeOut
                0x08005bc0       0x84 CMakeFiles/PosSysV1.0.elf.dir/Middlewares/Third_Party/FreeRTOS/Source/tasks.c.obj
                0x08005bc0                xTaskCheckForTimeOut
 .text.vTaskMissedYield
                0x08005c44        0xc CMakeFiles/PosSysV1.0.elf.dir/Middlewares/Third_Party/FreeRTOS/Source/tasks.c.obj
                0x08005c44                vTaskMissedYield
 .text.xTaskGetSchedulerState
                0x08005c50       0x20 CMakeFiles/PosSysV1.0.elf.dir/Middlewares/Third_Party/FreeRTOS/Source/tasks.c.obj
                0x08005c50                xTaskGetSchedulerState
 .text.xTaskPriorityDisinherit
                0x08005c70       0x90 CMakeFiles/PosSysV1.0.elf.dir/Middlewares/Third_Party/FreeRTOS/Source/tasks.c.obj
                0x08005c70                xTaskPriorityDisinherit
 .text.prvGetNextExpireTime
                0x08005d00       0x20 CMakeFiles/PosSysV1.0.elf.dir/Middlewares/Third_Party/FreeRTOS/Source/timers.c.obj
 .text.prvInsertTimerInActiveList
                0x08005d20       0x48 CMakeFiles/PosSysV1.0.elf.dir/Middlewares/Third_Party/FreeRTOS/Source/timers.c.obj
 .text.prvCheckForValidListAndQueue
                0x08005d68       0x70 CMakeFiles/PosSysV1.0.elf.dir/Middlewares/Third_Party/FreeRTOS/Source/timers.c.obj
 .text.xTimerCreateTimerTask
                0x08005dd8       0x64 CMakeFiles/PosSysV1.0.elf.dir/Middlewares/Third_Party/FreeRTOS/Source/timers.c.obj
                0x08005dd8                xTimerCreateTimerTask
 .text.xTimerGenericCommand
                0x08005e3c       0x6c CMakeFiles/PosSysV1.0.elf.dir/Middlewares/Third_Party/FreeRTOS/Source/timers.c.obj
                0x08005e3c                xTimerGenericCommand
 .text.prvSwitchTimerLists
                0x08005ea8       0x78 CMakeFiles/PosSysV1.0.elf.dir/Middlewares/Third_Party/FreeRTOS/Source/timers.c.obj
 .text.prvSampleTimeNow
                0x08005f20       0x2c CMakeFiles/PosSysV1.0.elf.dir/Middlewares/Third_Party/FreeRTOS/Source/timers.c.obj
 .text.prvProcessExpiredTimer
                0x08005f4c       0x60 CMakeFiles/PosSysV1.0.elf.dir/Middlewares/Third_Party/FreeRTOS/Source/timers.c.obj
 .text.prvProcessTimerOrBlockTask
                0x08005fac       0x74 CMakeFiles/PosSysV1.0.elf.dir/Middlewares/Third_Party/FreeRTOS/Source/timers.c.obj
 .text.prvProcessReceivedCommands
                0x08006020       0xf8 CMakeFiles/PosSysV1.0.elf.dir/Middlewares/Third_Party/FreeRTOS/Source/timers.c.obj
 .text.prvTimerTask
                0x08006118       0x16 CMakeFiles/PosSysV1.0.elf.dir/Middlewares/Third_Party/FreeRTOS/Source/timers.c.obj
 *fill*         0x0800612e        0x2 
 .text.read_reg
                0x08006130       0x40 CMakeFiles/PosSysV1.0.elf.dir/UserLib/as5600.c.obj
                0x08006130                read_reg
 .text.AS5600_getEnc
                0x08006170       0x28 CMakeFiles/PosSysV1.0.elf.dir/UserLib/as5600.c.obj
                0x08006170                AS5600_getEnc
 .text.AS5600_getRelativeEnc
                0x08006198       0x68 CMakeFiles/PosSysV1.0.elf.dir/UserLib/as5600.c.obj
                0x08006198                AS5600_getRelativeEnc
 .text.setBuzzerFrequency
                0x08006200       0x28 CMakeFiles/PosSysV1.0.elf.dir/UserLib/buzzer.c.obj
                0x08006200                setBuzzerFrequency
 .text.readyMusic
                0x08006228       0x34 CMakeFiles/PosSysV1.0.elf.dir/UserLib/buzzer.c.obj
                0x08006228                readyMusic
 .text.SensorDataUpdata
                0x0800625c       0x90 CMakeFiles/PosSysV1.0.elf.dir/UserLib/jy91.c.obj
 .text.Delayms  0x080062ec        0x8 CMakeFiles/PosSysV1.0.elf.dir/UserLib/jy91.c.obj
 .text.SensorUartSend
                0x080062f4       0x14 CMakeFiles/PosSysV1.0.elf.dir/UserLib/jy91.c.obj
 .text.AutoScanSensor
                0x08006308       0x7c CMakeFiles/PosSysV1.0.elf.dir/UserLib/jy91.c.obj
 .text.ShowHelp
                0x08006384       0x90 CMakeFiles/PosSysV1.0.elf.dir/UserLib/jy91.c.obj
 .text.Usart5Init
                0x08006414       0x34 CMakeFiles/PosSysV1.0.elf.dir/UserLib/jy91.c.obj
                0x08006414                Usart5Init
 .text.CmdProcess
                0x08006448      0x138 CMakeFiles/PosSysV1.0.elf.dir/UserLib/jy91.c.obj
 .text.JyMain   0x08006580      0x110 CMakeFiles/PosSysV1.0.elf.dir/UserLib/jy91.c.obj
                0x08006580                JyMain
 .text.GetYaw   0x08006690       0x48 CMakeFiles/PosSysV1.0.elf.dir/UserLib/jy91.c.obj
                0x08006690                GetYaw
 .text.JYSetOrigin
                0x080066d8       0x10 CMakeFiles/PosSysV1.0.elf.dir/UserLib/jy91.c.obj
                0x080066d8                JYSetOrigin
 .text.JyInit   0x080066e8       0x38 CMakeFiles/PosSysV1.0.elf.dir/UserLib/jy91.c.obj
                0x080066e8                JyInit
 .text.POS_CalPosEncSpeedAndPos
                0x08006720      0x5d4 CMakeFiles/PosSysV1.0.elf.dir/UserLib/pos.c.obj
                0x08006720                POS_CalPosEncSpeedAndPos
 .text.POS_GetPosX
                0x08006cf4       0x14 CMakeFiles/PosSysV1.0.elf.dir/UserLib/pos.c.obj
                0x08006cf4                POS_GetPosX
 .text.POS_GetSpeedX
                0x08006d08       0x14 CMakeFiles/PosSysV1.0.elf.dir/UserLib/pos.c.obj
                0x08006d08                POS_GetSpeedX
 .text.POS_GetPosY
                0x08006d1c       0x14 CMakeFiles/PosSysV1.0.elf.dir/UserLib/pos.c.obj
                0x08006d1c                POS_GetPosY
 .text.POS_GetSpeedY
                0x08006d30       0x14 CMakeFiles/PosSysV1.0.elf.dir/UserLib/pos.c.obj
                0x08006d30                POS_GetSpeedY
 .text.POS_GetYawSpeed
                0x08006d44       0x14 CMakeFiles/PosSysV1.0.elf.dir/UserLib/pos.c.obj
                0x08006d44                POS_GetYawSpeed
 .text.CalPos   0x08006d58       0x9c CMakeFiles/PosSysV1.0.elf.dir/UserLib/uartComm.c.obj
                0x08006d58                CalPos
 .text.SendPos  0x08006df4       0x1c CMakeFiles/PosSysV1.0.elf.dir/UserLib/uartComm.c.obj
                0x08006df4                SendPos
 .text.Serial1_SendByte
                0x08006e10       0x1c CMakeFiles/PosSysV1.0.elf.dir/UserLib/userUart.c.obj
                0x08006e10                Serial1_SendByte
 .text.Serial5_SendByte
                0x08006e2c       0x1c CMakeFiles/PosSysV1.0.elf.dir/UserLib/userUart.c.obj
                0x08006e2c                Serial5_SendByte
 .text.Serial1_SendString
                0x08006e48       0x18 CMakeFiles/PosSysV1.0.elf.dir/UserLib/userUart.c.obj
                0x08006e48                Serial1_SendString
 .text.Serial1_Printf
                0x08006e60       0x24 CMakeFiles/PosSysV1.0.elf.dir/UserLib/userUart.c.obj
                0x08006e60                Serial1_Printf
 .text.CalBCC   0x08006e84       0x16 CMakeFiles/PosSysV1.0.elf.dir/UserLib/userUart.c.obj
                0x08006e84                CalBCC
 *fill*         0x08006e9a        0x2 
 .text.__CRC16  0x08006e9c       0x38 CMakeFiles/PosSysV1.0.elf.dir/UserLib/wit_c_sdk.c.obj
 .text.__CaliSum
                0x08006ed4       0x18 CMakeFiles/PosSysV1.0.elf.dir/UserLib/wit_c_sdk.c.obj
 .text.CopeWitData
                0x08006eec       0xf0 CMakeFiles/PosSysV1.0.elf.dir/UserLib/wit_c_sdk.c.obj
 .text.WitSerialWriteRegister
                0x08006fdc       0x14 CMakeFiles/PosSysV1.0.elf.dir/UserLib/wit_c_sdk.c.obj
                0x08006fdc                WitSerialWriteRegister
 .text.WitSerialDataIn
                0x08006ff0      0x164 CMakeFiles/PosSysV1.0.elf.dir/UserLib/wit_c_sdk.c.obj
                0x08006ff0                WitSerialDataIn
 .text.WitRegisterCallBack
                0x08007154       0x14 CMakeFiles/PosSysV1.0.elf.dir/UserLib/wit_c_sdk.c.obj
                0x08007154                WitRegisterCallBack
 .text.WitWriteReg
                0x08007168      0x11c CMakeFiles/PosSysV1.0.elf.dir/UserLib/wit_c_sdk.c.obj
                0x08007168                WitWriteReg
 .text.WitReadReg
                0x08007284      0x1a4 CMakeFiles/PosSysV1.0.elf.dir/UserLib/wit_c_sdk.c.obj
                0x08007284                WitReadReg
 .text.WitInit  0x08007428       0x28 CMakeFiles/PosSysV1.0.elf.dir/UserLib/wit_c_sdk.c.obj
                0x08007428                WitInit
 .text.WitDelayMsRegister
                0x08007450       0x14 CMakeFiles/PosSysV1.0.elf.dir/UserLib/wit_c_sdk.c.obj
                0x08007450                WitDelayMsRegister
 .text.CheckRange
                0x08007464       0x14 CMakeFiles/PosSysV1.0.elf.dir/UserLib/wit_c_sdk.c.obj
                0x08007464                CheckRange
 .text.WitStartAccCali
                0x08007478       0x4c CMakeFiles/PosSysV1.0.elf.dir/UserLib/wit_c_sdk.c.obj
                0x08007478                WitStartAccCali
 .text.WitStartMagCali
                0x080074c4       0x4c CMakeFiles/PosSysV1.0.elf.dir/UserLib/wit_c_sdk.c.obj
                0x080074c4                WitStartMagCali
 .text.WitStopMagCali
                0x08007510       0x4c CMakeFiles/PosSysV1.0.elf.dir/UserLib/wit_c_sdk.c.obj
                0x08007510                WitStopMagCali
 .text.WitSetUartBaud
                0x0800755c       0x60 CMakeFiles/PosSysV1.0.elf.dir/UserLib/wit_c_sdk.c.obj
                0x0800755c                WitSetUartBaud
 .text.WitSetBandwidth
                0x080075bc       0x60 CMakeFiles/PosSysV1.0.elf.dir/UserLib/wit_c_sdk.c.obj
                0x080075bc                WitSetBandwidth
 .text.WitSetOutputRate
                0x0800761c       0x60 CMakeFiles/PosSysV1.0.elf.dir/UserLib/wit_c_sdk.c.obj
                0x0800761c                WitSetOutputRate
 .text.WitSetContent
                0x0800767c       0x60 CMakeFiles/PosSysV1.0.elf.dir/UserLib/wit_c_sdk.c.obj
                0x0800767c                WitSetContent
 .text.__assert_func
                0x080076dc       0x40 c:/cfm_so~1/progra~1/hardwa~1/gcc_ar~1/102021~1.07/bin/../lib/gcc/arm-none-eabi/10.3.1/../../../../arm-none-eabi/lib/thumb/v7-m/nofp\libg.a(lib_a-assert.o)
                0x080076dc                __assert_func
 .text.__errno  0x0800771c        0xc c:/cfm_so~1/progra~1/hardwa~1/gcc_ar~1/102021~1.07/bin/../lib/gcc/arm-none-eabi/10.3.1/../../../../arm-none-eabi/lib/thumb/v7-m/nofp\libg.a(lib_a-errno.o)
                0x0800771c                __errno
 .text.fiprintf
                0x08007728       0x28 c:/cfm_so~1/progra~1/hardwa~1/gcc_ar~1/102021~1.07/bin/../lib/gcc/arm-none-eabi/10.3.1/../../../../arm-none-eabi/lib/thumb/v7-m/nofp\libg.a(lib_a-fiprintf.o)
                0x08007728                fiprintf
 .text.__libc_init_array
                0x08007750       0x48 c:/cfm_so~1/progra~1/hardwa~1/gcc_ar~1/102021~1.07/bin/../lib/gcc/arm-none-eabi/10.3.1/../../../../arm-none-eabi/lib/thumb/v7-m/nofp\libg.a(lib_a-init.o)
                0x08007750                __libc_init_array
 .text.memset   0x08007798       0xa4 c:/cfm_so~1/progra~1/hardwa~1/gcc_ar~1/102021~1.07/bin/../lib/gcc/arm-none-eabi/10.3.1/../../../../arm-none-eabi/lib/thumb/v7-m/nofp\libg.a(lib_a-memset.o)
                0x08007798                memset
 .text.cleanup_glue
                0x0800783c       0x48 c:/cfm_so~1/progra~1/hardwa~1/gcc_ar~1/102021~1.07/bin/../lib/gcc/arm-none-eabi/10.3.1/../../../../arm-none-eabi/lib/thumb/v7-m/nofp\libg.a(lib_a-reent.o)
                0x0800783c                cleanup_glue
 .text._reclaim_reent
                0x08007884       0x90 c:/cfm_so~1/progra~1/hardwa~1/gcc_ar~1/102021~1.07/bin/../lib/gcc/arm-none-eabi/10.3.1/../../../../arm-none-eabi/lib/thumb/v7-m/nofp\libg.a(lib_a-reent.o)
                0x08007884                _reclaim_reent
 .text.__sprint_r.part.0
                0x08007914       0x78 c:/cfm_so~1/progra~1/hardwa~1/gcc_ar~1/102021~1.07/bin/../lib/gcc/arm-none-eabi/10.3.1/../../../../arm-none-eabi/lib/thumb/v7-m/nofp\libg.a(lib_a-vfiprintf.o)
 .text._vfiprintf_r
                0x0800798c      0xd98 c:/cfm_so~1/progra~1/hardwa~1/gcc_ar~1/102021~1.07/bin/../lib/gcc/arm-none-eabi/10.3.1/../../../../arm-none-eabi/lib/thumb/v7-m/nofp\libg.a(lib_a-vfiprintf.o)
                0x0800798c                _vfiprintf_r
 .text.__sbprintf
                0x08008724       0x84 c:/cfm_so~1/progra~1/hardwa~1/gcc_ar~1/102021~1.07/bin/../lib/gcc/arm-none-eabi/10.3.1/../../../../arm-none-eabi/lib/thumb/v7-m/nofp\libg.a(lib_a-vfiprintf.o)
 .text.vsprintf
                0x080087a8       0x38 c:/cfm_so~1/progra~1/hardwa~1/gcc_ar~1/102021~1.07/bin/../lib/gcc/arm-none-eabi/10.3.1/../../../../arm-none-eabi/lib/thumb/v7-m/nofp\libg.a(lib_a-vsprintf.o)
                0x080087a8                vsprintf
 .text.__swsetup_r
                0x080087e0       0xd4 c:/cfm_so~1/progra~1/hardwa~1/gcc_ar~1/102021~1.07/bin/../lib/gcc/arm-none-eabi/10.3.1/../../../../arm-none-eabi/lib/thumb/v7-m/nofp\libg.a(lib_a-wsetup.o)
                0x080087e0                __swsetup_r
 .text.startup.register_fini
                0x080088b4       0x14 c:/cfm_so~1/progra~1/hardwa~1/gcc_ar~1/102021~1.07/bin/../lib/gcc/arm-none-eabi/10.3.1/../../../../arm-none-eabi/lib/thumb/v7-m/nofp\libg.a(lib_a-__call_atexit.o)
 .text.abort    0x080088c8       0x10 c:/cfm_so~1/progra~1/hardwa~1/gcc_ar~1/102021~1.07/bin/../lib/gcc/arm-none-eabi/10.3.1/../../../../arm-none-eabi/lib/thumb/v7-m/nofp\libg.a(lib_a-abort.o)
                0x080088c8                abort
 .text.atexit   0x080088d8        0xc c:/cfm_so~1/progra~1/hardwa~1/gcc_ar~1/102021~1.07/bin/../lib/gcc/arm-none-eabi/10.3.1/../../../../arm-none-eabi/lib/thumb/v7-m/nofp\libg.a(lib_a-atexit.o)
                0x080088d8                atexit
 .text.__sflush_r
                0x080088e4      0x124 c:/cfm_so~1/progra~1/hardwa~1/gcc_ar~1/102021~1.07/bin/../lib/gcc/arm-none-eabi/10.3.1/../../../../arm-none-eabi/lib/thumb/v7-m/nofp\libg.a(lib_a-fflush.o)
                0x080088e4                __sflush_r
 .text._fflush_r
                0x08008a08       0x5c c:/cfm_so~1/progra~1/hardwa~1/gcc_ar~1/102021~1.07/bin/../lib/gcc/arm-none-eabi/10.3.1/../../../../arm-none-eabi/lib/thumb/v7-m/nofp\libg.a(lib_a-fflush.o)
                0x08008a08                _fflush_r
 .text._cleanup_r
                0x08008a64        0xc c:/cfm_so~1/progra~1/hardwa~1/gcc_ar~1/102021~1.07/bin/../lib/gcc/arm-none-eabi/10.3.1/../../../../arm-none-eabi/lib/thumb/v7-m/nofp\libg.a(lib_a-findfp.o)
                0x08008a64                _cleanup_r
 .text.__sinit  0x08008a70      0x10c c:/cfm_so~1/progra~1/hardwa~1/gcc_ar~1/102021~1.07/bin/../lib/gcc/arm-none-eabi/10.3.1/../../../../arm-none-eabi/lib/thumb/v7-m/nofp\libg.a(lib_a-findfp.o)
                0x08008a70                __sinit
 .text.__sfp_lock_acquire
                0x08008b7c        0xc c:/cfm_so~1/progra~1/hardwa~1/gcc_ar~1/102021~1.07/bin/../lib/gcc/arm-none-eabi/10.3.1/../../../../arm-none-eabi/lib/thumb/v7-m/nofp\libg.a(lib_a-findfp.o)
                0x08008b7c                __sfp_lock_acquire
 .text.__sfp_lock_release
                0x08008b88        0xc c:/cfm_so~1/progra~1/hardwa~1/gcc_ar~1/102021~1.07/bin/../lib/gcc/arm-none-eabi/10.3.1/../../../../arm-none-eabi/lib/thumb/v7-m/nofp\libg.a(lib_a-findfp.o)
                0x08008b88                __sfp_lock_release
 .text.__libc_fini_array
                0x08008b94       0x2c c:/cfm_so~1/progra~1/hardwa~1/gcc_ar~1/102021~1.07/bin/../lib/gcc/arm-none-eabi/10.3.1/../../../../arm-none-eabi/lib/thumb/v7-m/nofp\libg.a(lib_a-fini.o)
                0x08008b94                __libc_fini_array
 .text.__fputwc
                0x08008bc0       0xa0 c:/cfm_so~1/progra~1/hardwa~1/gcc_ar~1/102021~1.07/bin/../lib/gcc/arm-none-eabi/10.3.1/../../../../arm-none-eabi/lib/thumb/v7-m/nofp\libg.a(lib_a-fputwc.o)
                0x08008bc0                __fputwc
 .text._fputwc_r
                0x08008c60       0x68 c:/cfm_so~1/progra~1/hardwa~1/gcc_ar~1/102021~1.07/bin/../lib/gcc/arm-none-eabi/10.3.1/../../../../arm-none-eabi/lib/thumb/v7-m/nofp\libg.a(lib_a-fputwc.o)
                0x08008c60                _fputwc_r
 .text._malloc_trim_r
                0x08008cc8       0xa0 c:/cfm_so~1/progra~1/hardwa~1/gcc_ar~1/102021~1.07/bin/../lib/gcc/arm-none-eabi/10.3.1/../../../../arm-none-eabi/lib/thumb/v7-m/nofp\libg.a(lib_a-freer.o)
                0x08008cc8                _malloc_trim_r
 .text._free_r  0x08008d68      0x200 c:/cfm_so~1/progra~1/hardwa~1/gcc_ar~1/102021~1.07/bin/../lib/gcc/arm-none-eabi/10.3.1/../../../../arm-none-eabi/lib/thumb/v7-m/nofp\libg.a(lib_a-freer.o)
                0x08008d68                _free_r
 .text.__sfvwrite_r
                0x08008f68      0x2f0 c:/cfm_so~1/progra~1/hardwa~1/gcc_ar~1/102021~1.07/bin/../lib/gcc/arm-none-eabi/10.3.1/../../../../arm-none-eabi/lib/thumb/v7-m/nofp\libg.a(lib_a-fvwrite.o)
                0x08008f68                __sfvwrite_r
 .text._fwalk_reent
                0x08009258       0x48 c:/cfm_so~1/progra~1/hardwa~1/gcc_ar~1/102021~1.07/bin/../lib/gcc/arm-none-eabi/10.3.1/../../../../arm-none-eabi/lib/thumb/v7-m/nofp\libg.a(lib_a-fwalk.o)
                0x08009258                _fwalk_reent
 .text.__locale_mb_cur_max
                0x080092a0        0xc c:/cfm_so~1/progra~1/hardwa~1/gcc_ar~1/102021~1.07/bin/../lib/gcc/arm-none-eabi/10.3.1/../../../../arm-none-eabi/lib/thumb/v7-m/nofp\libg.a(lib_a-locale.o)
                0x080092a0                __locale_mb_cur_max
 .text._localeconv_r
                0x080092ac        0x8 c:/cfm_so~1/progra~1/hardwa~1/gcc_ar~1/102021~1.07/bin/../lib/gcc/arm-none-eabi/10.3.1/../../../../arm-none-eabi/lib/thumb/v7-m/nofp\libg.a(lib_a-localeconv.o)
                0x080092ac                _localeconv_r
 .text.__retarget_lock_init_recursive
                0x080092b4        0x4 c:/cfm_so~1/progra~1/hardwa~1/gcc_ar~1/102021~1.07/bin/../lib/gcc/arm-none-eabi/10.3.1/../../../../arm-none-eabi/lib/thumb/v7-m/nofp\libg.a(lib_a-lock.o)
                0x080092b4                __retarget_lock_init_recursive
 .text.__retarget_lock_close_recursive
                0x080092b8        0x4 c:/cfm_so~1/progra~1/hardwa~1/gcc_ar~1/102021~1.07/bin/../lib/gcc/arm-none-eabi/10.3.1/../../../../arm-none-eabi/lib/thumb/v7-m/nofp\libg.a(lib_a-lock.o)
                0x080092b8                __retarget_lock_close_recursive
 .text.__retarget_lock_acquire_recursive
                0x080092bc        0x4 c:/cfm_so~1/progra~1/hardwa~1/gcc_ar~1/102021~1.07/bin/../lib/gcc/arm-none-eabi/10.3.1/../../../../arm-none-eabi/lib/thumb/v7-m/nofp\libg.a(lib_a-lock.o)
                0x080092bc                __retarget_lock_acquire_recursive
 .text.__retarget_lock_release_recursive
                0x080092c0        0x4 c:/cfm_so~1/progra~1/hardwa~1/gcc_ar~1/102021~1.07/bin/../lib/gcc/arm-none-eabi/10.3.1/../../../../arm-none-eabi/lib/thumb/v7-m/nofp\libg.a(lib_a-lock.o)
                0x080092c0                __retarget_lock_release_recursive
 .text.__smakebuf_r
                0x080092c4       0xe0 c:/cfm_so~1/progra~1/hardwa~1/gcc_ar~1/102021~1.07/bin/../lib/gcc/arm-none-eabi/10.3.1/../../../../arm-none-eabi/lib/thumb/v7-m/nofp\libg.a(lib_a-makebuf.o)
                0x080092c4                __smakebuf_r
 .text._malloc_r
                0x080093a4      0x558 c:/cfm_so~1/progra~1/hardwa~1/gcc_ar~1/102021~1.07/bin/../lib/gcc/arm-none-eabi/10.3.1/../../../../arm-none-eabi/lib/thumb/v7-m/nofp\libg.a(lib_a-mallocr.o)
                0x080093a4                _malloc_r
 .text.__ascii_mbtowc
                0x080098fc       0x2c c:/cfm_so~1/progra~1/hardwa~1/gcc_ar~1/102021~1.07/bin/../lib/gcc/arm-none-eabi/10.3.1/../../../../arm-none-eabi/lib/thumb/v7-m/nofp\libg.a(lib_a-mbtowc_r.o)
                0x080098fc                __ascii_mbtowc
 .text.memchr   0x08009928       0x90 c:/cfm_so~1/progra~1/hardwa~1/gcc_ar~1/102021~1.07/bin/../lib/gcc/arm-none-eabi/10.3.1/../../../../arm-none-eabi/lib/thumb/v7-m/nofp\libg.a(lib_a-memchr-stub.o)
                0x08009928                memchr
 .text.memmove  0x080099b8       0xf8 c:/cfm_so~1/progra~1/hardwa~1/gcc_ar~1/102021~1.07/bin/../lib/gcc/arm-none-eabi/10.3.1/../../../../arm-none-eabi/lib/thumb/v7-m/nofp\libg.a(lib_a-memmove.o)
                0x080099b8                memmove
 .text.__malloc_lock
                0x08009ab0        0xc c:/cfm_so~1/progra~1/hardwa~1/gcc_ar~1/102021~1.07/bin/../lib/gcc/arm-none-eabi/10.3.1/../../../../arm-none-eabi/lib/thumb/v7-m/nofp\libg.a(lib_a-mlock.o)
                0x08009ab0                __malloc_lock
 .text.__malloc_unlock
                0x08009abc        0xc c:/cfm_so~1/progra~1/hardwa~1/gcc_ar~1/102021~1.07/bin/../lib/gcc/arm-none-eabi/10.3.1/../../../../arm-none-eabi/lib/thumb/v7-m/nofp\libg.a(lib_a-mlock.o)
                0x08009abc                __malloc_unlock
 .text._realloc_r
                0x08009ac8      0x3dc c:/cfm_so~1/progra~1/hardwa~1/gcc_ar~1/102021~1.07/bin/../lib/gcc/arm-none-eabi/10.3.1/../../../../arm-none-eabi/lib/thumb/v7-m/nofp\libg.a(lib_a-reallocr.o)
                0x08009ac8                _realloc_r
 .text._sbrk_r  0x08009ea4       0x24 c:/cfm_so~1/progra~1/hardwa~1/gcc_ar~1/102021~1.07/bin/../lib/gcc/arm-none-eabi/10.3.1/../../../../arm-none-eabi/lib/thumb/v7-m/nofp\libg.a(lib_a-sbrkr.o)
                0x08009ea4                _sbrk_r
 .text.raise    0x08009ec8       0x5c c:/cfm_so~1/progra~1/hardwa~1/gcc_ar~1/102021~1.07/bin/../lib/gcc/arm-none-eabi/10.3.1/../../../../arm-none-eabi/lib/thumb/v7-m/nofp\libg.a(lib_a-signal.o)
                0x08009ec8                raise
 .text._kill_r  0x08009f24       0x28 c:/cfm_so~1/progra~1/hardwa~1/gcc_ar~1/102021~1.07/bin/../lib/gcc/arm-none-eabi/10.3.1/../../../../arm-none-eabi/lib/thumb/v7-m/nofp\libg.a(lib_a-signalr.o)
                0x08009f24                _kill_r
 .text._getpid_r
                0x08009f4c        0x4 c:/cfm_so~1/progra~1/hardwa~1/gcc_ar~1/102021~1.07/bin/../lib/gcc/arm-none-eabi/10.3.1/../../../../arm-none-eabi/lib/thumb/v7-m/nofp\libg.a(lib_a-signalr.o)
                0x08009f4c                _getpid_r
 .text.__sread  0x08009f50       0x24 c:/cfm_so~1/progra~1/hardwa~1/gcc_ar~1/102021~1.07/bin/../lib/gcc/arm-none-eabi/10.3.1/../../../../arm-none-eabi/lib/thumb/v7-m/nofp\libg.a(lib_a-stdio.o)
                0x08009f50                __sread
 .text.__swrite
                0x08009f74       0x40 c:/cfm_so~1/progra~1/hardwa~1/gcc_ar~1/102021~1.07/bin/../lib/gcc/arm-none-eabi/10.3.1/../../../../arm-none-eabi/lib/thumb/v7-m/nofp\libg.a(lib_a-stdio.o)
                0x08009f74                __swrite
 .text.__sseek  0x08009fb4       0x20 c:/cfm_so~1/progra~1/hardwa~1/gcc_ar~1/102021~1.07/bin/../lib/gcc/arm-none-eabi/10.3.1/../../../../arm-none-eabi/lib/thumb/v7-m/nofp\libg.a(lib_a-stdio.o)
                0x08009fb4                __sseek
 .text.__sclose
                0x08009fd4        0x8 c:/cfm_so~1/progra~1/hardwa~1/gcc_ar~1/102021~1.07/bin/../lib/gcc/arm-none-eabi/10.3.1/../../../../arm-none-eabi/lib/thumb/v7-m/nofp\libg.a(lib_a-stdio.o)
                0x08009fd4                __sclose
 .text.strlen   0x08009fdc       0x5c c:/cfm_so~1/progra~1/hardwa~1/gcc_ar~1/102021~1.07/bin/../lib/gcc/arm-none-eabi/10.3.1/../../../../arm-none-eabi/lib/thumb/v7-m/nofp\libg.a(lib_a-strlen-stub.o)
                0x08009fdc                strlen
 .text.strncpy  0x0800a038       0x68 c:/cfm_so~1/progra~1/hardwa~1/gcc_ar~1/102021~1.07/bin/../lib/gcc/arm-none-eabi/10.3.1/../../../../arm-none-eabi/lib/thumb/v7-m/nofp\libg.a(lib_a-strncpy.o)
                0x0800a038                strncpy
 .text._svfprintf_r
                0x0800a0a0     0x1aa4 c:/cfm_so~1/progra~1/hardwa~1/gcc_ar~1/102021~1.07/bin/../lib/gcc/arm-none-eabi/10.3.1/../../../../arm-none-eabi/lib/thumb/v7-m/nofp\libg.a(lib_a-svfprintf.o)
                0x0800a0a0                _svfprintf_r
 .text.__swbuf_r
                0x0800bb44       0xb0 c:/cfm_so~1/progra~1/hardwa~1/gcc_ar~1/102021~1.07/bin/../lib/gcc/arm-none-eabi/10.3.1/../../../../arm-none-eabi/lib/thumb/v7-m/nofp\libg.a(lib_a-wbuf.o)
                0x0800bb44                __swbuf_r
 .text._wcrtomb_r
                0x0800bbf4       0x3c c:/cfm_so~1/progra~1/hardwa~1/gcc_ar~1/102021~1.07/bin/../lib/gcc/arm-none-eabi/10.3.1/../../../../arm-none-eabi/lib/thumb/v7-m/nofp\libg.a(lib_a-wcrtomb.o)
                0x0800bbf4                _wcrtomb_r
 .text.__ascii_wctomb
                0x0800bc30       0x1c c:/cfm_so~1/progra~1/hardwa~1/gcc_ar~1/102021~1.07/bin/../lib/gcc/arm-none-eabi/10.3.1/../../../../arm-none-eabi/lib/thumb/v7-m/nofp\libg.a(lib_a-wctomb_r.o)
                0x0800bc30                __ascii_wctomb
 .text._write_r
                0x0800bc4c       0x2c c:/cfm_so~1/progra~1/hardwa~1/gcc_ar~1/102021~1.07/bin/../lib/gcc/arm-none-eabi/10.3.1/../../../../arm-none-eabi/lib/thumb/v7-m/nofp\libg.a(lib_a-writer.o)
                0x0800bc4c                _write_r
 .text.__register_exitproc
                0x0800bc78       0x8c c:/cfm_so~1/progra~1/hardwa~1/gcc_ar~1/102021~1.07/bin/../lib/gcc/arm-none-eabi/10.3.1/../../../../arm-none-eabi/lib/thumb/v7-m/nofp\libg.a(lib_a-__atexit.o)
                0x0800bc78                __register_exitproc
 .text._close_r
                0x0800bd04       0x24 c:/cfm_so~1/progra~1/hardwa~1/gcc_ar~1/102021~1.07/bin/../lib/gcc/arm-none-eabi/10.3.1/../../../../arm-none-eabi/lib/thumb/v7-m/nofp\libg.a(lib_a-closer.o)
                0x0800bd04                _close_r
 .text.quorem   0x0800bd28      0x12c c:/cfm_so~1/progra~1/hardwa~1/gcc_ar~1/102021~1.07/bin/../lib/gcc/arm-none-eabi/10.3.1/../../../../arm-none-eabi/lib/thumb/v7-m/nofp\libg.a(lib_a-dtoa.o)
 *fill*         0x0800be54        0x4 
 .text._dtoa_r  0x0800be58      0xecc c:/cfm_so~1/progra~1/hardwa~1/gcc_ar~1/102021~1.07/bin/../lib/gcc/arm-none-eabi/10.3.1/../../../../arm-none-eabi/lib/thumb/v7-m/nofp\libg.a(lib_a-dtoa.o)
                0x0800be58                _dtoa_r
 .text._fclose_r
                0x0800cd24       0xcc c:/cfm_so~1/progra~1/hardwa~1/gcc_ar~1/102021~1.07/bin/../lib/gcc/arm-none-eabi/10.3.1/../../../../arm-none-eabi/lib/thumb/v7-m/nofp\libg.a(lib_a-fclose.o)
                0x0800cd24                _fclose_r
 .text._fstat_r
                0x0800cdf0       0x28 c:/cfm_so~1/progra~1/hardwa~1/gcc_ar~1/102021~1.07/bin/../lib/gcc/arm-none-eabi/10.3.1/../../../../arm-none-eabi/lib/thumb/v7-m/nofp\libg.a(lib_a-fstatr.o)
                0x0800cdf0                _fstat_r
 .text._isatty_r
                0x0800ce18       0x24 c:/cfm_so~1/progra~1/hardwa~1/gcc_ar~1/102021~1.07/bin/../lib/gcc/arm-none-eabi/10.3.1/../../../../arm-none-eabi/lib/thumb/v7-m/nofp\libg.a(lib_a-isattyr.o)
                0x0800ce18                _isatty_r
 .text._lseek_r
                0x0800ce3c       0x2c c:/cfm_so~1/progra~1/hardwa~1/gcc_ar~1/102021~1.07/bin/../lib/gcc/arm-none-eabi/10.3.1/../../../../arm-none-eabi/lib/thumb/v7-m/nofp\libg.a(lib_a-lseekr.o)
                0x0800ce3c                _lseek_r
 .text._Balloc  0x0800ce68       0x4c c:/cfm_so~1/progra~1/hardwa~1/gcc_ar~1/102021~1.07/bin/../lib/gcc/arm-none-eabi/10.3.1/../../../../arm-none-eabi/lib/thumb/v7-m/nofp\libg.a(lib_a-mprec.o)
                0x0800ce68                _Balloc
 .text._Bfree   0x0800ceb4       0x14 c:/cfm_so~1/progra~1/hardwa~1/gcc_ar~1/102021~1.07/bin/../lib/gcc/arm-none-eabi/10.3.1/../../../../arm-none-eabi/lib/thumb/v7-m/nofp\libg.a(lib_a-mprec.o)
                0x0800ceb4                _Bfree
 .text.__multadd
                0x0800cec8       0xa4 c:/cfm_so~1/progra~1/hardwa~1/gcc_ar~1/102021~1.07/bin/../lib/gcc/arm-none-eabi/10.3.1/../../../../arm-none-eabi/lib/thumb/v7-m/nofp\libg.a(lib_a-mprec.o)
                0x0800cec8                __multadd
 .text.__hi0bits
                0x0800cf6c       0x40 c:/cfm_so~1/progra~1/hardwa~1/gcc_ar~1/102021~1.07/bin/../lib/gcc/arm-none-eabi/10.3.1/../../../../arm-none-eabi/lib/thumb/v7-m/nofp\libg.a(lib_a-mprec.o)
                0x0800cf6c                __hi0bits
 .text.__lo0bits
                0x0800cfac       0x58 c:/cfm_so~1/progra~1/hardwa~1/gcc_ar~1/102021~1.07/bin/../lib/gcc/arm-none-eabi/10.3.1/../../../../arm-none-eabi/lib/thumb/v7-m/nofp\libg.a(lib_a-mprec.o)
                0x0800cfac                __lo0bits
 .text.__i2b    0x0800d004       0x5c c:/cfm_so~1/progra~1/hardwa~1/gcc_ar~1/102021~1.07/bin/../lib/gcc/arm-none-eabi/10.3.1/../../../../arm-none-eabi/lib/thumb/v7-m/nofp\libg.a(lib_a-mprec.o)
                0x0800d004                __i2b
 .text.__multiply
                0x0800d060      0x15c c:/cfm_so~1/progra~1/hardwa~1/gcc_ar~1/102021~1.07/bin/../lib/gcc/arm-none-eabi/10.3.1/../../../../arm-none-eabi/lib/thumb/v7-m/nofp\libg.a(lib_a-mprec.o)
                0x0800d060                __multiply
 .text.__pow5mult
                0x0800d1bc       0xb8 c:/cfm_so~1/progra~1/hardwa~1/gcc_ar~1/102021~1.07/bin/../lib/gcc/arm-none-eabi/10.3.1/../../../../arm-none-eabi/lib/thumb/v7-m/nofp\libg.a(lib_a-mprec.o)
                0x0800d1bc                __pow5mult
 .text.__lshift
                0x0800d274       0xec c:/cfm_so~1/progra~1/hardwa~1/gcc_ar~1/102021~1.07/bin/../lib/gcc/arm-none-eabi/10.3.1/../../../../arm-none-eabi/lib/thumb/v7-m/nofp\libg.a(lib_a-mprec.o)
                0x0800d274                __lshift
 .text.__mcmp   0x0800d360       0x40 c:/cfm_so~1/progra~1/hardwa~1/gcc_ar~1/102021~1.07/bin/../lib/gcc/arm-none-eabi/10.3.1/../../../../arm-none-eabi/lib/thumb/v7-m/nofp\libg.a(lib_a-mprec.o)
                0x0800d360                __mcmp
 .text.__mdiff  0x0800d3a0      0x14c c:/cfm_so~1/progra~1/hardwa~1/gcc_ar~1/102021~1.07/bin/../lib/gcc/arm-none-eabi/10.3.1/../../../../arm-none-eabi/lib/thumb/v7-m/nofp\libg.a(lib_a-mprec.o)
                0x0800d3a0                __mdiff
 .text.__d2b    0x0800d4ec       0xc4 c:/cfm_so~1/progra~1/hardwa~1/gcc_ar~1/102021~1.07/bin/../lib/gcc/arm-none-eabi/10.3.1/../../../../arm-none-eabi/lib/thumb/v7-m/nofp\libg.a(lib_a-mprec.o)
                0x0800d4ec                __d2b
 .text._read_r  0x0800d5b0       0x2c c:/cfm_so~1/progra~1/hardwa~1/gcc_ar~1/102021~1.07/bin/../lib/gcc/arm-none-eabi/10.3.1/../../../../arm-none-eabi/lib/thumb/v7-m/nofp\libg.a(lib_a-readr.o)
                0x0800d5b0                _read_r
 .text.frexp    0x0800d5dc       0x70 c:/cfm_so~1/progra~1/hardwa~1/gcc_ar~1/102021~1.07/bin/../lib/gcc/arm-none-eabi/10.3.1/../../../../arm-none-eabi/lib/thumb/v7-m/nofp\libg.a(lib_a-s_frexp.o)
                0x0800d5dc                frexp
 .text.__ssprint_r
                0x0800d64c       0xfc c:/cfm_so~1/progra~1/hardwa~1/gcc_ar~1/102021~1.07/bin/../lib/gcc/arm-none-eabi/10.3.1/../../../../arm-none-eabi/lib/thumb/v7-m/nofp\libg.a(lib_a-svfiprintf.o)
                0x0800d64c                __ssprint_r
 .text._calloc_r
                0x0800d748       0x78 c:/cfm_so~1/progra~1/hardwa~1/gcc_ar~1/102021~1.07/bin/../lib/gcc/arm-none-eabi/10.3.1/../../../../arm-none-eabi/lib/thumb/v7-m/nofp\libg.a(lib_a-callocr.o)
                0x0800d748                _calloc_r
 .text.cosf     0x0800d7c0       0x70 c:/cfm_so~1/progra~1/hardwa~1/gcc_ar~1/102021~1.07/bin/../lib/gcc/arm-none-eabi/10.3.1/../../../../arm-none-eabi/lib/thumb/v7-m/nofp\libm.a(lib_a-sf_cos.o)
                0x0800d7c0                cosf
 .text.sinf     0x0800d830       0x74 c:/cfm_so~1/progra~1/hardwa~1/gcc_ar~1/102021~1.07/bin/../lib/gcc/arm-none-eabi/10.3.1/../../../../arm-none-eabi/lib/thumb/v7-m/nofp\libm.a(lib_a-sf_sin.o)
                0x0800d830                sinf
 .text.__ieee754_rem_pio2f
                0x0800d8a4      0x2e4 c:/cfm_so~1/progra~1/hardwa~1/gcc_ar~1/102021~1.07/bin/../lib/gcc/arm-none-eabi/10.3.1/../../../../arm-none-eabi/lib/thumb/v7-m/nofp\libm.a(lib_a-ef_rem_pio2.o)
                0x0800d8a4                __ieee754_rem_pio2f
 .text.__kernel_cosf
                0x0800db88      0x18c c:/cfm_so~1/progra~1/hardwa~1/gcc_ar~1/102021~1.07/bin/../lib/gcc/arm-none-eabi/10.3.1/../../../../arm-none-eabi/lib/thumb/v7-m/nofp\libm.a(lib_a-kf_cos.o)
                0x0800db88                __kernel_cosf
 .text.__kernel_rem_pio2f
                0x0800dd14      0x6e4 c:/cfm_so~1/progra~1/hardwa~1/gcc_ar~1/102021~1.07/bin/../lib/gcc/arm-none-eabi/10.3.1/../../../../arm-none-eabi/lib/thumb/v7-m/nofp\libm.a(lib_a-kf_rem_pio2.o)
                0x0800dd14                __kernel_rem_pio2f
 .text.__kernel_sinf
                0x0800e3f8       0xe8 c:/cfm_so~1/progra~1/hardwa~1/gcc_ar~1/102021~1.07/bin/../lib/gcc/arm-none-eabi/10.3.1/../../../../arm-none-eabi/lib/thumb/v7-m/nofp\libm.a(lib_a-kf_sin.o)
                0x0800e3f8                __kernel_sinf
 .text.fabsf    0x0800e4e0        0x8 c:/cfm_so~1/progra~1/hardwa~1/gcc_ar~1/102021~1.07/bin/../lib/gcc/arm-none-eabi/10.3.1/../../../../arm-none-eabi/lib/thumb/v7-m/nofp\libm.a(lib_a-sf_fabs.o)
                0x0800e4e0                fabsf
 .text.floorf   0x0800e4e8       0x80 c:/cfm_so~1/progra~1/hardwa~1/gcc_ar~1/102021~1.07/bin/../lib/gcc/arm-none-eabi/10.3.1/../../../../arm-none-eabi/lib/thumb/v7-m/nofp\libm.a(lib_a-sf_floor.o)
                0x0800e4e8                floorf
 .text.scalbnf  0x0800e568       0xbc c:/cfm_so~1/progra~1/hardwa~1/gcc_ar~1/102021~1.07/bin/../lib/gcc/arm-none-eabi/10.3.1/../../../../arm-none-eabi/lib/thumb/v7-m/nofp\libm.a(lib_a-sf_scalbn.o)
                0x0800e568                scalbnf
 *(.glue_7)
 .glue_7        0x0800e624        0x0 linker stubs
 *(.glue_7t)
 .glue_7t       0x0800e624        0x0 linker stubs
 *(.eh_frame)
 .eh_frame      0x0800e624        0x0 c:/cfm_so~1/progra~1/hardwa~1/gcc_ar~1/102021~1.07/bin/../lib/gcc/arm-none-eabi/10.3.1/thumb/v7-m/nofp/crtbegin.o
 *(.init)
 .init          0x0800e624        0x4 c:/cfm_so~1/progra~1/hardwa~1/gcc_ar~1/102021~1.07/bin/../lib/gcc/arm-none-eabi/10.3.1/thumb/v7-m/nofp/crti.o
                0x0800e624                _init
 .init          0x0800e628        0x8 c:/cfm_so~1/progra~1/hardwa~1/gcc_ar~1/102021~1.07/bin/../lib/gcc/arm-none-eabi/10.3.1/thumb/v7-m/nofp/crtn.o
 *(.fini)
 .fini          0x0800e630        0x4 c:/cfm_so~1/progra~1/hardwa~1/gcc_ar~1/102021~1.07/bin/../lib/gcc/arm-none-eabi/10.3.1/thumb/v7-m/nofp/crti.o
                0x0800e630                _fini
 .fini          0x0800e634        0x8 c:/cfm_so~1/progra~1/hardwa~1/gcc_ar~1/102021~1.07/bin/../lib/gcc/arm-none-eabi/10.3.1/thumb/v7-m/nofp/crtn.o
                0x0800e63c                . = ALIGN (0x4)
                0x0800e63c                _etext = .

.vfp11_veneer   0x0800e63c        0x0
 .vfp11_veneer  0x0800e63c        0x0 linker stubs

.v4_bx          0x0800e63c        0x0
 .v4_bx         0x0800e63c        0x0 linker stubs

.iplt           0x0800e63c        0x0
 .iplt          0x0800e63c        0x0 c:/cfm_so~1/progra~1/hardwa~1/gcc_ar~1/102021~1.07/bin/../lib/gcc/arm-none-eabi/10.3.1/thumb/v7-m/nofp/crtbegin.o

.rodata         0x0800e640      0xefc
                0x0800e640                . = ALIGN (0x4)
 *(.rodata)
 .rodata        0x0800e640       0x24 CMakeFiles/PosSysV1.0.elf.dir/UserLib/jy91.c.obj
 *(.rodata*)
 .rodata.StartDefaultTask.str1.4
                0x0800e664        0xa CMakeFiles/PosSysV1.0.elf.dir/Core/Src/freertos.c.obj
 *fill*         0x0800e66e        0x2 
 .rodata.str1.4
                0x0800e670       0x20 CMakeFiles/PosSysV1.0.elf.dir/Core/Src/freertos.c.obj
 .rodata.BuzzerTask_attributes
                0x0800e690       0x24 CMakeFiles/PosSysV1.0.elf.dir/Core/Src/freertos.c.obj
                0x0800e690                BuzzerTask_attributes
 .rodata.JYTASK_attributes
                0x0800e6b4       0x24 CMakeFiles/PosSysV1.0.elf.dir/Core/Src/freertos.c.obj
                0x0800e6b4                JYTASK_attributes
 .rodata.defaultTask_attributes
                0x0800e6d8       0x24 CMakeFiles/PosSysV1.0.elf.dir/Core/Src/freertos.c.obj
                0x0800e6d8                defaultTask_attributes
 .rodata.AHBPrescTable
                0x0800e6fc       0x10 CMakeFiles/PosSysV1.0.elf.dir/Core/Src/system_stm32f1xx.c.obj
                0x0800e6fc                AHBPrescTable
 .rodata.APBPrescTable
                0x0800e70c        0x8 CMakeFiles/PosSysV1.0.elf.dir/Core/Src/system_stm32f1xx.c.obj
                0x0800e70c                APBPrescTable
 .rodata.aPLLMULFactorTable.1
                0x0800e714       0x10 CMakeFiles/PosSysV1.0.elf.dir/Drivers/STM32F1xx_HAL_Driver/Src/stm32f1xx_hal_rcc.c.obj
 .rodata.aPredivFactorTable.0
                0x0800e724        0x2 CMakeFiles/PosSysV1.0.elf.dir/Drivers/STM32F1xx_HAL_Driver/Src/stm32f1xx_hal_rcc.c.obj
 *fill*         0x0800e726        0x2 
 .rodata.vTaskStartScheduler.str1.4
                0x0800e728        0x5 CMakeFiles/PosSysV1.0.elf.dir/Middlewares/Third_Party/FreeRTOS/Source/tasks.c.obj
 *fill*         0x0800e72d        0x3 
 .rodata.prvCheckForValidListAndQueue.str1.4
                0x0800e730        0x5 CMakeFiles/PosSysV1.0.elf.dir/Middlewares/Third_Party/FreeRTOS/Source/timers.c.obj
 *fill*         0x0800e735        0x3 
 .rodata.xTimerCreateTimerTask.str1.4
                0x0800e738        0x8 CMakeFiles/PosSysV1.0.elf.dir/Middlewares/Third_Party/FreeRTOS/Source/timers.c.obj
 .rodata.AutoScanSensor.str1.4
                0x0800e740       0x47 CMakeFiles/PosSysV1.0.elf.dir/UserLib/jy91.c.obj
 *fill*         0x0800e787        0x1 
 .rodata.ShowHelp.str1.4
                0x0800e788      0x35d CMakeFiles/PosSysV1.0.elf.dir/UserLib/jy91.c.obj
 *fill*         0x0800eae5        0x3 
 .rodata.CmdProcess.str1.4
                0x0800eae8       0x82 CMakeFiles/PosSysV1.0.elf.dir/UserLib/jy91.c.obj
 *fill*         0x0800eb6a        0x2 
 .rodata.__auchCRCHi
                0x0800eb6c      0x100 CMakeFiles/PosSysV1.0.elf.dir/UserLib/wit_c_sdk.c.obj
 .rodata.__auchCRCLo
                0x0800ec6c      0x100 CMakeFiles/PosSysV1.0.elf.dir/UserLib/wit_c_sdk.c.obj
 .rodata.__assert_func.str1.4
                0x0800ed6c       0x3f c:/cfm_so~1/progra~1/hardwa~1/gcc_ar~1/102021~1.07/bin/../lib/gcc/arm-none-eabi/10.3.1/../../../../arm-none-eabi/lib/thumb/v7-m/nofp\libg.a(lib_a-assert.o)
                                 0x43 (size before relaxing)
 *fill*         0x0800edab        0x1 
 .rodata._global_impure_ptr
                0x0800edac        0x4 c:/cfm_so~1/progra~1/hardwa~1/gcc_ar~1/102021~1.07/bin/../lib/gcc/arm-none-eabi/10.3.1/../../../../arm-none-eabi/lib/thumb/v7-m/nofp\libg.a(lib_a-impure.o)
                0x0800edac                _global_impure_ptr
 .rodata._vfiprintf_r.str1.4
                0x0800edb0       0x2f c:/cfm_so~1/progra~1/hardwa~1/gcc_ar~1/102021~1.07/bin/../lib/gcc/arm-none-eabi/10.3.1/../../../../arm-none-eabi/lib/thumb/v7-m/nofp\libg.a(lib_a-vfiprintf.o)
 *fill*         0x0800eddf        0x1 
 .rodata.blanks.1
                0x0800ede0       0x10 c:/cfm_so~1/progra~1/hardwa~1/gcc_ar~1/102021~1.07/bin/../lib/gcc/arm-none-eabi/10.3.1/../../../../arm-none-eabi/lib/thumb/v7-m/nofp\libg.a(lib_a-vfiprintf.o)
 .rodata.zeroes.0
                0x0800edf0       0x10 c:/cfm_so~1/progra~1/hardwa~1/gcc_ar~1/102021~1.07/bin/../lib/gcc/arm-none-eabi/10.3.1/../../../../arm-none-eabi/lib/thumb/v7-m/nofp\libg.a(lib_a-vfiprintf.o)
 .rodata._setlocale_r.str1.4
                0x0800ee00        0xa c:/cfm_so~1/progra~1/hardwa~1/gcc_ar~1/102021~1.07/bin/../lib/gcc/arm-none-eabi/10.3.1/../../../../arm-none-eabi/lib/thumb/v7-m/nofp\libg.a(lib_a-locale.o)
                                  0xd (size before relaxing)
 *fill*         0x0800ee0a        0x2 
 .rodata.str1.4
                0x0800ee0c        0x2 c:/cfm_so~1/progra~1/hardwa~1/gcc_ar~1/102021~1.07/bin/../lib/gcc/arm-none-eabi/10.3.1/../../../../arm-none-eabi/lib/thumb/v7-m/nofp\libg.a(lib_a-locale.o)
 *fill*         0x0800ee0e        0x2 
 .rodata._svfprintf_r.str1.4
                0x0800ee10       0x12 c:/cfm_so~1/progra~1/hardwa~1/gcc_ar~1/102021~1.07/bin/../lib/gcc/arm-none-eabi/10.3.1/../../../../arm-none-eabi/lib/thumb/v7-m/nofp\libg.a(lib_a-svfprintf.o)
                                 0x42 (size before relaxing)
 *fill*         0x0800ee22        0x2 
 .rodata.blanks.1
                0x0800ee24       0x10 c:/cfm_so~1/progra~1/hardwa~1/gcc_ar~1/102021~1.07/bin/../lib/gcc/arm-none-eabi/10.3.1/../../../../arm-none-eabi/lib/thumb/v7-m/nofp\libg.a(lib_a-svfprintf.o)
 .rodata.zeroes.0
                0x0800ee34       0x10 c:/cfm_so~1/progra~1/hardwa~1/gcc_ar~1/102021~1.07/bin/../lib/gcc/arm-none-eabi/10.3.1/../../../../arm-none-eabi/lib/thumb/v7-m/nofp\libg.a(lib_a-svfprintf.o)
 .rodata._ctype_
                0x0800ee44      0x101 c:/cfm_so~1/progra~1/hardwa~1/gcc_ar~1/102021~1.07/bin/../lib/gcc/arm-none-eabi/10.3.1/../../../../arm-none-eabi/lib/thumb/v7-m/nofp\libg.a(lib_a-ctype_.o)
                0x0800ee44                _ctype_
 *fill*         0x0800ef45        0x3 
 .rodata._dtoa_r.str1.4
                0x0800ef48       0xa2 c:/cfm_so~1/progra~1/hardwa~1/gcc_ar~1/102021~1.07/bin/../lib/gcc/arm-none-eabi/10.3.1/../../../../arm-none-eabi/lib/thumb/v7-m/nofp\libg.a(lib_a-dtoa.o)
                                 0xa6 (size before relaxing)
 *fill*         0x0800efea        0x2 
 .rodata.__multadd.str1.4
                0x0800efec       0x7f c:/cfm_so~1/progra~1/hardwa~1/gcc_ar~1/102021~1.07/bin/../lib/gcc/arm-none-eabi/10.3.1/../../../../arm-none-eabi/lib/thumb/v7-m/nofp\libg.a(lib_a-mprec.o)
                                 0x93 (size before relaxing)
 *fill*         0x0800f06b        0x5 
 .rodata.__mprec_bigtens
                0x0800f070       0x28 c:/cfm_so~1/progra~1/hardwa~1/gcc_ar~1/102021~1.07/bin/../lib/gcc/arm-none-eabi/10.3.1/../../../../arm-none-eabi/lib/thumb/v7-m/nofp\libg.a(lib_a-mprec.o)
                0x0800f070                __mprec_bigtens
 .rodata.__mprec_tens
                0x0800f098       0xc8 c:/cfm_so~1/progra~1/hardwa~1/gcc_ar~1/102021~1.07/bin/../lib/gcc/arm-none-eabi/10.3.1/../../../../arm-none-eabi/lib/thumb/v7-m/nofp\libg.a(lib_a-mprec.o)
                0x0800f098                __mprec_tens
 .rodata.p05.0  0x0800f160        0xc c:/cfm_so~1/progra~1/hardwa~1/gcc_ar~1/102021~1.07/bin/../lib/gcc/arm-none-eabi/10.3.1/../../../../arm-none-eabi/lib/thumb/v7-m/nofp\libg.a(lib_a-mprec.o)
 .rodata.npio2_hw
                0x0800f16c       0x80 c:/cfm_so~1/progra~1/hardwa~1/gcc_ar~1/102021~1.07/bin/../lib/gcc/arm-none-eabi/10.3.1/../../../../arm-none-eabi/lib/thumb/v7-m/nofp\libm.a(lib_a-ef_rem_pio2.o)
 .rodata.two_over_pi
                0x0800f1ec      0x318 c:/cfm_so~1/progra~1/hardwa~1/gcc_ar~1/102021~1.07/bin/../lib/gcc/arm-none-eabi/10.3.1/../../../../arm-none-eabi/lib/thumb/v7-m/nofp\libm.a(lib_a-ef_rem_pio2.o)
 .rodata.PIo2   0x0800f504       0x2c c:/cfm_so~1/progra~1/hardwa~1/gcc_ar~1/102021~1.07/bin/../lib/gcc/arm-none-eabi/10.3.1/../../../../arm-none-eabi/lib/thumb/v7-m/nofp\libm.a(lib_a-kf_rem_pio2.o)
 .rodata.init_jk
                0x0800f530        0xc c:/cfm_so~1/progra~1/hardwa~1/gcc_ar~1/102021~1.07/bin/../lib/gcc/arm-none-eabi/10.3.1/../../../../arm-none-eabi/lib/thumb/v7-m/nofp\libm.a(lib_a-kf_rem_pio2.o)
                0x0800f53c                . = ALIGN (0x4)

.ARM.extab      0x0800f53c        0x0
                0x0800f53c                . = ALIGN (0x4)
 *(.ARM.extab* .gnu.linkonce.armextab.*)
                0x0800f53c                . = ALIGN (0x4)

.ARM            0x0800f53c        0x8
                0x0800f53c                . = ALIGN (0x4)
                0x0800f53c                __exidx_start = .
 *(.ARM.exidx*)
 .ARM.exidx     0x0800f53c        0x8 c:/cfm_so~1/progra~1/hardwa~1/gcc_ar~1/102021~1.07/bin/../lib/gcc/arm-none-eabi/10.3.1/thumb/v7-m/nofp\libgcc.a(_udivmoddi4.o)
                0x0800f544                __exidx_end = .
                0x0800f544                . = ALIGN (0x4)

.rel.dyn        0x0800f544        0x0
 .rel.iplt      0x0800f544        0x0 c:/cfm_so~1/progra~1/hardwa~1/gcc_ar~1/102021~1.07/bin/../lib/gcc/arm-none-eabi/10.3.1/thumb/v7-m/nofp/crtbegin.o

.preinit_array  0x0800f544        0x0
                0x0800f544                . = ALIGN (0x4)
                0x0800f544                PROVIDE (__preinit_array_start = .)
 *(.preinit_array*)
                0x0800f544                PROVIDE (__preinit_array_end = .)
                0x0800f544                . = ALIGN (0x4)

.init_array     0x0800f544        0x8
                0x0800f544                . = ALIGN (0x4)
                0x0800f544                PROVIDE (__init_array_start = .)
 *(SORT_BY_NAME(.init_array.*))
 .init_array.00000
                0x0800f544        0x4 c:/cfm_so~1/progra~1/hardwa~1/gcc_ar~1/102021~1.07/bin/../lib/gcc/arm-none-eabi/10.3.1/../../../../arm-none-eabi/lib/thumb/v7-m/nofp\libg.a(lib_a-__call_atexit.o)
 *(.init_array*)
 .init_array    0x0800f548        0x4 c:/cfm_so~1/progra~1/hardwa~1/gcc_ar~1/102021~1.07/bin/../lib/gcc/arm-none-eabi/10.3.1/thumb/v7-m/nofp/crtbegin.o
                0x0800f54c                PROVIDE (__init_array_end = .)
                0x0800f54c                . = ALIGN (0x4)

.fini_array     0x0800f54c        0x4
                0x0800f54c                . = ALIGN (0x4)
                0x0800f54c                PROVIDE (__fini_array_start = .)
 *(SORT_BY_NAME(.fini_array.*))
 *(.fini_array*)
 .fini_array    0x0800f54c        0x4 c:/cfm_so~1/progra~1/hardwa~1/gcc_ar~1/102021~1.07/bin/../lib/gcc/arm-none-eabi/10.3.1/thumb/v7-m/nofp/crtbegin.o
                0x0800f550                PROVIDE (__fini_array_end = .)
                0x0800f550                . = ALIGN (0x4)
                0x0800f550                _sidata = LOADADDR (.data)

.data           0x20000000      0x9c8 load address 0x0800f550
                0x20000000                . = ALIGN (0x4)
                0x20000000                _sdata = .
 *(.data)
 *(.data*)
 .data.SystemCoreClock
                0x20000000        0x4 CMakeFiles/PosSysV1.0.elf.dir/Core/Src/system_stm32f1xx.c.obj
                0x20000000                SystemCoreClock
 .data.uwTickFreq
                0x20000004        0x1 CMakeFiles/PosSysV1.0.elf.dir/Drivers/STM32F1xx_HAL_Driver/Src/stm32f1xx_hal.c.obj
                0x20000004                uwTickFreq
 *fill*         0x20000005        0x3 
 .data.uwTickPrio